../source/uart_example.c:41:6:init_uart	8	static
../source/uart_example.c:48:6:uart_putc	16	static
../source/uart_example.c:56:6:uart_puts	16	static
../source/uart_example.c:68:6:short_delay	16	static
../source/uart_example.c:74:6:buttonSetup	8	static
../source/uart_example.c:119:6:color_button_polling	8	static
../source/uart_example.c:131:6:draw_button_polling	8	static
../source/uart_example.c:142:6:clear_button_polling	8	static
../source/uart_example.c:150:13:stringOutput	16	static
../source/uart_example.c:169:5:main	104	static
