Archive member included to satisfy reference by file (symbol)

/Applications/MCUXpressoIDE_11.5.0_7232/ide/plugins/com.nxp.mcuxpresso.tools.macosx_11.5.0.202107051138/tools/bin/../lib/gcc/arm-none-eabi/10.3.1/../../../../arm-none-eabi/lib/thumb/v6-m/nofp/libcr_nohost_nf.a(_cr__main.o)
                              ./startup/startup_mkl46z4.o (__main)
/Applications/MCUXpressoIDE_11.5.0_7232/ide/plugins/com.nxp.mcuxpresso.tools.macosx_11.5.0.202107051138/tools/bin/../lib/gcc/arm-none-eabi/10.3.1/../../../../arm-none-eabi/lib/thumb/v6-m/nofp/libcr_nohost_nf.a(_cr_assert.o)
                              ./utilities/fsl_debug_console.o (__assertion_failed)
/Applications/MCUXpressoIDE_11.5.0_7232/ide/plugins/com.nxp.mcuxpresso.tools.macosx_11.5.0.202107051138/tools/bin/../lib/gcc/arm-none-eabi/10.3.1/../../../../arm-none-eabi/lib/thumb/v6-m/nofp/libcr_nohost_nf.a(__ciob.o)
                              /Applications/MCUXpressoIDE_11.5.0_7232/ide/plugins/com.nxp.mcuxpresso.tools.macosx_11.5.0.202107051138/tools/bin/../lib/gcc/arm-none-eabi/10.3.1/../../../../arm-none-eabi/lib/thumb/v6-m/nofp/libcr_nohost_nf.a(_cr_assert.o) (__Ciob)
/Applications/MCUXpressoIDE_11.5.0_7232/ide/plugins/com.nxp.mcuxpresso.tools.macosx_11.5.0.202107051138/tools/bin/../lib/gcc/arm-none-eabi/10.3.1/../../../../arm-none-eabi/lib/thumb/v6-m/nofp/libcr_nohost_nf.a(__sys_appexit.o)
                              /Applications/MCUXpressoIDE_11.5.0_7232/ide/plugins/com.nxp.mcuxpresso.tools.macosx_11.5.0.202107051138/tools/bin/../lib/gcc/arm-none-eabi/10.3.1/../../../../arm-none-eabi/lib/thumb/v6-m/nofp/libcr_nohost_nf.a(_cr_assert.o) (__sys_appexit)
/Applications/MCUXpressoIDE_11.5.0_7232/ide/plugins/com.nxp.mcuxpresso.tools.macosx_11.5.0.202107051138/tools/bin/../lib/gcc/arm-none-eabi/10.3.1/../../../../arm-none-eabi/lib/thumb/v6-m/nofp/libcr_c.a(memcpy.o)
                              ./drivers/fsl_ftfx_cache.o (memcpy)
/Applications/MCUXpressoIDE_11.5.0_7232/ide/plugins/com.nxp.mcuxpresso.tools.macosx_11.5.0.202107051138/tools/bin/../lib/gcc/arm-none-eabi/10.3.1/../../../../arm-none-eabi/lib/thumb/v6-m/nofp/libcr_c.a(memset.o)
                              ./utilities/fsl_debug_console.o (memset)
/Applications/MCUXpressoIDE_11.5.0_7232/ide/plugins/com.nxp.mcuxpresso.tools.macosx_11.5.0.202107051138/tools/bin/../lib/gcc/arm-none-eabi/10.3.1/../../../../arm-none-eabi/lib/thumb/v6-m/nofp/libcr_c.a(_deferredlazyseek.o)
                              /Applications/MCUXpressoIDE_11.5.0_7232/ide/plugins/com.nxp.mcuxpresso.tools.macosx_11.5.0.202107051138/tools/bin/../lib/gcc/arm-none-eabi/10.3.1/../../../../arm-none-eabi/lib/thumb/v6-m/nofp/libcr_nohost_nf.a(_cr_assert.o) (__flsbuf)
/Applications/MCUXpressoIDE_11.5.0_7232/ide/plugins/com.nxp.mcuxpresso.tools.macosx_11.5.0.202107051138/tools/bin/../lib/gcc/arm-none-eabi/10.3.1/../../../../arm-none-eabi/lib/thumb/v6-m/nofp/libcr_c.a(_fflush.o)
                              /Applications/MCUXpressoIDE_11.5.0_7232/ide/plugins/com.nxp.mcuxpresso.tools.macosx_11.5.0.202107051138/tools/bin/../lib/gcc/arm-none-eabi/10.3.1/../../../../arm-none-eabi/lib/thumb/v6-m/nofp/libcr_c.a(_deferredlazyseek.o) (_fflush)
/Applications/MCUXpressoIDE_11.5.0_7232/ide/plugins/com.nxp.mcuxpresso.tools.macosx_11.5.0.202107051138/tools/bin/../lib/gcc/arm-none-eabi/10.3.1/../../../../arm-none-eabi/lib/thumb/v6-m/nofp/libcr_c.a(_writebuf.o)
                              /Applications/MCUXpressoIDE_11.5.0_7232/ide/plugins/com.nxp.mcuxpresso.tools.macosx_11.5.0.202107051138/tools/bin/../lib/gcc/arm-none-eabi/10.3.1/../../../../arm-none-eabi/lib/thumb/v6-m/nofp/libcr_c.a(_deferredlazyseek.o) (_Cwritebuf)
/Applications/MCUXpressoIDE_11.5.0_7232/ide/plugins/com.nxp.mcuxpresso.tools.macosx_11.5.0.202107051138/tools/bin/../lib/gcc/arm-none-eabi/10.3.1/../../../../arm-none-eabi/lib/thumb/v6-m/nofp/libcr_c.a(alloc.o)
                              ./drivers/fsl_common.o (malloc)
/Applications/MCUXpressoIDE_11.5.0_7232/ide/plugins/com.nxp.mcuxpresso.tools.macosx_11.5.0.202107051138/tools/bin/../lib/gcc/arm-none-eabi/10.3.1/../../../../arm-none-eabi/lib/thumb/v6-m/nofp/libcr_c.a(fputs.o)
                              /Applications/MCUXpressoIDE_11.5.0_7232/ide/plugins/com.nxp.mcuxpresso.tools.macosx_11.5.0.202107051138/tools/bin/../lib/gcc/arm-none-eabi/10.3.1/../../../../arm-none-eabi/lib/thumb/v6-m/nofp/libcr_nohost_nf.a(_cr_assert.o) (fputs)
/Applications/MCUXpressoIDE_11.5.0_7232/ide/plugins/com.nxp.mcuxpresso.tools.macosx_11.5.0.202107051138/tools/bin/../lib/gcc/arm-none-eabi/10.3.1/../../../../arm-none-eabi/lib/thumb/v6-m/nofp/libcr_c.a(fseek.o)
                              /Applications/MCUXpressoIDE_11.5.0_7232/ide/plugins/com.nxp.mcuxpresso.tools.macosx_11.5.0.202107051138/tools/bin/../lib/gcc/arm-none-eabi/10.3.1/../../../../arm-none-eabi/lib/thumb/v6-m/nofp/libcr_c.a(_deferredlazyseek.o) (fseek)
[...]
Memory Configuration

Name             Origin             Length             Attributes
PROGRAM_FLASH    0x0000000000000000 0x0000000000040000 xr
SRAM             0x000000001fffe000 0x0000000000008000 xrw
*default*        0x0000000000000000 0xffffffffffffffff

Linker script and memory map

LOAD ./utilities/fsl_debug_console.o
LOAD ./utilities/fsl_io.o
LOAD ./utilities/fsl_log.o
LOAD ./utilities/fsl_str.o
LOAD ./startup/startup_mkl46z4.o
LOAD ./source/adc.o
LOAD ./source/uart_example.o
LOAD ./drivers/fsl_clock.o
LOAD ./drivers/fsl_common.o
LOAD ./drivers/fsl_ftfx_cache.o
LOAD ./drivers/fsl_ftfx_controller.o
LOAD ./drivers/fsl_ftfx_flash.o
LOAD ./drivers/fsl_ftfx_flexnvm.o
LOAD ./drivers/fsl_gpio.o
LOAD ./drivers/fsl_i2c.o
LOAD ./drivers/fsl_lpsci.o
LOAD ./drivers/fsl_smc.o
LOAD ./drivers/fsl_uart.o
LOAD ./board/board.o
LOAD ./board/clock_config.o
LOAD ./board/peripherals.o
LOAD ./board/pin_mux.o
LOAD ./CMSIS/system_MKL46Z4.o
START GROUP
LOAD /Applications/MCUXpressoIDE_11.5.0_7232/ide/plugins/com.nxp.mcuxpresso.tools.macosx_11.5.0.202107051138/tools/bin/../lib/gcc/arm-none-eabi/10.3.1/../../../../arm-none-eabi/lib/thumb/v6-m/nofp/libcr_nohost_nf.a
LOAD /Applications/MCUXpressoIDE_11.5.0_7232/ide/plugins/com.nxp.mcuxpresso.tools.macosx_11.5.0.202107051138/tools/bin/../lib/gcc/arm-none-eabi/10.3.1/../../../../arm-none-eabi/lib/thumb/v6-m/nofp/libcr_c.a
LOAD /Applications/MCUXpressoIDE_11.5.0_7232/ide/plugins/com.nxp.mcuxpresso.tools.macosx_11.5.0.202107051138/tools/bin/../lib/gcc/arm-none-eabi/10.3.1/thumb/v6-m/nofp/libcr_eabihelpers.a
LOAD /Applications/MCUXpressoIDE_11.5.0_7232/ide/plugins/com.nxp.mcuxpresso.tools.macosx_11.5.0.202107051138/tools/bin/../lib/gcc/arm-none-eabi/10.3.1/thumb/v6-m/nofp/libgcc.a
END GROUP
                0x0000000000000000                __base_PROGRAM_FLASH = 0x0
                0x0000000000000000                __base_Flash = 0x0
                0x0000000000040000                __top_PROGRAM_FLASH = 0x40000
                0x0000000000040000                __top_Flash = 0x40000
                0x000000001fffe000                __base_SRAM = 0x1fffe000
                0x000000001fffe000                __base_RAM = 0x1fffe000
                0x0000000020006000                __top_SRAM = 0x20006000
                0x0000000020006000                __top_RAM = 0x20006000

.text           0x0000000000000000     0x3434
 FILL mask 0xff
                0x0000000000000000                __vectors_start__ = ABSOLUTE (.)
 *(SORT_BY_ALIGNMENT(.isr_vector))
 .isr_vector    0x0000000000000000       0xc0 ./startup/startup_mkl46z4.o
                0x0000000000000000                __Vectors
                0x0000000000000000                g_pfnVectors
                0x00000000000000c0                . = ALIGN (0x4)
                0x00000000000000c0                __section_table_start = .
                0x00000000000000c0                __data_section_table = .
                0x00000000000000c0        0x4 LONG 0x3434 LOADADDR (.data)
                0x00000000000000c4        0x4 LONG 0x1fffe000 ADDR (.data)
                0x00000000000000c8        0x4 LONG 0x18 SIZEOF (.data)
                0x00000000000000cc                __data_section_table_end = .
                0x00000000000000cc                __bss_section_table = .
                0x00000000000000cc        0x4 LONG 0x1fffe018 ADDR (.bss)
                0x00000000000000d0        0x4 LONG 0x100 SIZEOF (.bss)
                0x00000000000000d4                __bss_section_table_end = .
                0x00000000000000d4                __section_table_end = .
 *(SORT_BY_ALIGNMENT(.after_vectors*))
 .after_vectors.reset
                0x00000000000000d4       0x4c ./startup/startup_mkl46z4.o
                0x00000000000000d4                ResetISR
 .after_vectors.init_data
                0x0000000000000120       0x12 ./startup/startup_mkl46z4.o
                0x0000000000000120                data_init
 .after_vectors.init_bss
                0x0000000000000132       0x10 ./startup/startup_mkl46z4.o
                0x0000000000000132                bss_init
 .after_vectors
                0x0000000000000142      0x10c ./startup/startup_mkl46z4.o
                0x0000000000000142                NMI_Handler
                0x0000000000000144                HardFault_Handler
                0x0000000000000146                SVC_Handler
                0x0000000000000148                PendSV_Handler
                0x000000000000014a                SysTick_Handler
                0x000000000000014c                PIT_DriverIRQHandler
                0x000000000000014c                DMA0_DriverIRQHandler
                0x000000000000014c                SPI1_DriverIRQHandler
                0x000000000000014c                LPTMR0_DriverIRQHandler
                0x000000000000014c                PORTC_PORTD_DriverIRQHandler
                0x000000000000014c                I2S0_DriverIRQHandler
                0x000000000000014c                TPM2_DriverIRQHandler
                0x000000000000014c                TSI0_DriverIRQHandler
                0x000000000000014c                RTC_Seconds_DriverIRQHandler
                0x000000000000014c                LLWU_DriverIRQHandler
                0x000000000000014c                MCG_DriverIRQHandler
                0x000000000000014c                FTFA_DriverIRQHandler
                0x000000000000014c                IntDefaultHandler
                0x000000000000014c                USB0_DriverIRQHandler
                0x000000000000014c                DAC0_DriverIRQHandler
                0x000000000000014c                LVD_LVW_DriverIRQHandler
                0x000000000000014c                TPM0_DriverIRQHandler
                0x000000000000014c                Reserved20_DriverIRQHandler
                0x000000000000014c                DMA3_DriverIRQHandler
                0x000000000000014c                PORTA_DriverIRQHandler
                0x000000000000014c                TPM1_DriverIRQHandler
                0x000000000000014c                RTC_DriverIRQHandler
                0x000000000000014c                LCD_DriverIRQHandler
                0x000000000000014c                DMA1_DriverIRQHandler
                0x000000000000014c                SPI0_DriverIRQHandler
                0x000000000000014c                ADC0_DriverIRQHandler
                0x000000000000014c                CMP0_DriverIRQHandler
                0x000000000000014c                DMA2_DriverIRQHandler
                0x000000000000014e                DMA0_IRQHandler
                0x0000000000000156                DMA1_IRQHandler
                0x000000000000015e                DMA2_IRQHandler
                0x0000000000000166                DMA3_IRQHandler
                0x000000000000016e                Reserved20_IRQHandler
                0x0000000000000176                FTFA_IRQHandler
                0x000000000000017e                LVD_LVW_IRQHandler
                0x0000000000000186                LLWU_IRQHandler
                0x000000000000018e                I2C0_IRQHandler
                0x0000000000000196                I2C1_IRQHandler
                0x000000000000019e                SPI0_IRQHandler
                0x00000000000001a6                SPI1_IRQHandler
                0x00000000000001ae                UART0_IRQHandler
                0x00000000000001b6                UART1_IRQHandler
                0x00000000000001be                UART2_IRQHandler
                0x00000000000001c6                ADC0_IRQHandler
                0x00000000000001ce                CMP0_IRQHandler
                0x00000000000001d6                TPM0_IRQHandler
                0x00000000000001de                TPM1_IRQHandler
                0x00000000000001e6                TPM2_IRQHandler
                0x00000000000001ee                RTC_IRQHandler
                0x00000000000001f6                RTC_Seconds_IRQHandler
                0x00000000000001fe                PIT_IRQHandler
                0x0000000000000206                I2S0_IRQHandler
                0x000000000000020e                USB0_IRQHandler
                0x0000000000000216                DAC0_IRQHandler
                0x000000000000021e                TSI0_IRQHandler
                0x0000000000000226                MCG_IRQHandler
                0x000000000000022e                LPTMR0_IRQHandler
                0x0000000000000236                LCD_IRQHandler
                0x000000000000023e                PORTA_IRQHandler
                0x0000000000000246                PORTC_PORTD_IRQHandler
                0x0000000000000400                . = 0x400
 *fill*         0x000000000000024e      0x1b2 ff
                0x0000000000000400                PROVIDE (__FLASH_CONFIG_START__ = .)
 *(SORT_BY_ALIGNMENT(.FlashConfig))
 .FlashConfig   0x0000000000000400       0x10 ./startup/startup_mkl46z4.o
                0x0000000000000400                Flash_Config
                0x0000000000000410                PROVIDE (__FLASH_CONFIG_END__ = .)
                0x0000000000000001                ASSERT (! ((__FLASH_CONFIG_START__ == __FLASH_CONFIG_END__)), Linker Flash Config Support Enabled, but no .FlashConfig section provided within application)
 *(SORT_BY_ALIGNMENT(.text*))
 .text.DbgConsole_Init
                0x0000000000000410       0x40 ./utilities/fsl_debug_console.o
                0x0000000000000410                DbgConsole_Init
 .text.IO_Init  0x0000000000000450       0xc8 ./utilities/fsl_io.o
                0x0000000000000450                IO_Init
 .text.setupADC
                0x0000000000000518       0x54 ./source/adc.o
                0x0000000000000518                setupADC
 .text.getADC1Value
                0x000000000000056c       0x30 ./source/adc.o
                0x000000000000056c                getADC1Value
 .text.getADC2Value
                0x000000000000059c       0x30 ./source/adc.o
                0x000000000000059c                getADC2Value
 .text.uart_putc
                0x00000000000005cc       0x30 ./source/uart_example.o
                0x00000000000005cc                uart_putc
 .text.short_delay
                0x00000000000005fc       0x28 ./source/uart_example.o
                0x00000000000005fc                short_delay
 .text.buttonSetup
                0x0000000000000624      0x270 ./source/uart_example.o
                0x0000000000000624                buttonSetup
 .text.color_button_polling
                0x0000000000000894       0x50 ./source/uart_example.o
                0x0000000000000894                color_button_polling
 .text.draw_button_polling
                0x00000000000008e4       0x5c ./source/uart_example.o
                0x00000000000008e4                draw_button_polling
 .text.clear_button_polling
                0x0000000000000940       0x40 ./source/uart_example.o
                0x0000000000000940                clear_button_polling
 .text.stringOutput
                0x0000000000000980       0x78 ./source/uart_example.o
                0x0000000000000980                stringOutput
 .text.main     0x00000000000009f8       0x88 ./source/uart_example.o
                0x00000000000009f8                main
 .text.CLOCK_SetEr32kClock
                0x0000000000000a80       0x34 ./drivers/fsl_clock.o
 .text.CLOCK_SetPllFllSelClock
                0x0000000000000ab4       0x38 ./drivers/fsl_clock.o
 .text.CLOCK_GetMcgExtClkFreq
                0x0000000000000aec       0x28 ./drivers/fsl_clock.o
 .text.CLOCK_GetFllExtRefClkFreq
                0x0000000000000b14       0xa8 ./drivers/fsl_clock.o
 .text.CLOCK_GetFllRefClkFreq
                0x0000000000000bbc       0x2c ./drivers/fsl_clock.o
 .text.CLOCK_GetPllFllSelClkFreq
                0x0000000000000be8       0x4c ./drivers/fsl_clock.o
                0x0000000000000be8                CLOCK_GetPllFllSelClkFreq
 .text.CLOCK_SetSimConfig
                0x0000000000000c34       0x38 ./drivers/fsl_clock.o
                0x0000000000000c34                CLOCK_SetSimConfig
 .text.CLOCK_GetFllFreq
                0x0000000000000c6c       0x84 ./drivers/fsl_clock.o
                0x0000000000000c6c                CLOCK_GetFllFreq
 .text.CLOCK_GetPll0Freq
                0x0000000000000cf0       0x70 ./drivers/fsl_clock.o
                0x0000000000000cf0                CLOCK_GetPll0Freq
 .text.CLOCK_SetInternalRefClkConfig
                0x0000000000000d60      0x124 ./drivers/fsl_clock.o
                0x0000000000000d60                CLOCK_SetInternalRefClkConfig
 .text.CLOCK_SetFeiMode
                0x0000000000000e84       0xdc ./drivers/fsl_clock.o
                0x0000000000000e84                CLOCK_SetFeiMode
 .text.I2C_TransferCommonIRQHandler
                0x0000000000000f60       0x58 ./drivers/fsl_i2c.o
 .text.I2C0_DriverIRQHandler
                0x0000000000000fb8       0x20 ./drivers/fsl_i2c.o
                0x0000000000000fb8                I2C0_DriverIRQHandler
 .text.I2C1_DriverIRQHandler
                0x0000000000000fd8       0x20 ./drivers/fsl_i2c.o
                0x0000000000000fd8                I2C1_DriverIRQHandler
 .text.CLOCK_EnableClock
                0x0000000000000ff8       0x34 ./drivers/fsl_lpsci.o
 .text.LPSCI_GetInstance
                0x000000000000102c       0x48 ./drivers/fsl_lpsci.o
                0x000000000000102c                LPSCI_GetInstance
 .text.LPSCI_Init
                0x0000000000001074      0x270 ./drivers/fsl_lpsci.o
                0x0000000000001074                LPSCI_Init
 .text.LPSCI_GetDefaultConfig
                0x00000000000012e4       0x48 ./drivers/fsl_lpsci.o
                0x00000000000012e4                LPSCI_GetDefaultConfig
 .text.UART0_DriverIRQHandler
                0x000000000000132c       0x24 ./drivers/fsl_lpsci.o
                0x000000000000132c                UART0_DriverIRQHandler
 .text.CLOCK_EnableClock
                0x0000000000001350       0x34 ./drivers/fsl_uart.o
 .text.UART_GetInstance
                0x0000000000001384       0x54 ./drivers/fsl_uart.o
                0x0000000000001384                UART_GetInstance
 .text.UART_Init
                0x00000000000013d8      0x1f8 ./drivers/fsl_uart.o
                0x00000000000013d8                UART_Init
 .text.UART_GetDefaultConfig
                0x00000000000015d0       0x48 ./drivers/fsl_uart.o
                0x00000000000015d0                UART_GetDefaultConfig
 .text.UART1_DriverIRQHandler
                0x0000000000001618       0x24 ./drivers/fsl_uart.o
                0x0000000000001618                UART1_DriverIRQHandler
 .text.UART2_DriverIRQHandler
                0x000000000000163c       0x24 ./drivers/fsl_uart.o
                0x000000000000163c                UART2_DriverIRQHandler
 .text.CLOCK_SetLpsci0Clock
                0x0000000000001660       0x38 ./board/board.o
 .text.BOARD_InitDebugConsole
                0x0000000000001698       0x30 ./board/board.o
                0x0000000000001698                BOARD_InitDebugConsole
 .text.CLOCK_SetSimSafeDivs
                0x00000000000016c8       0x20 ./board/clock_config.o
 .text.CLOCK_CONFIG_FllStableDelay
                0x00000000000016e8       0x28 ./board/clock_config.o
 .text.BOARD_BootClockRUN
                0x0000000000001710       0x44 ./board/clock_config.o
                0x0000000000001710                BOARD_BootClockRUN
 .text.CLOCK_EnableClock
                0x0000000000001754       0x34 ./board/pin_mux.o
 .text.PORT_SetPinConfig
                0x0000000000001788       0x38 ./board/pin_mux.o
 .text.BOARD_InitDEBUG_UART
                0x00000000000017c0       0x80 ./board/pin_mux.o
                0x00000000000017c0                BOARD_InitDEBUG_UART
 .text.SystemInit
                0x0000000000001840       0x1c ./CMSIS/system_MKL46Z4.o
                0x0000000000001840                SystemInit
 .text.__assertion_failed
                0x000000000000185c       0x4c /Applications/MCUXpressoIDE_11.5.0_7232/ide/plugins/com.nxp.mcuxpresso.tools.macosx_11.5.0.202107051138/tools/bin/../lib/gcc/arm-none-eabi/10.3.1/../../../../arm-none-eabi/lib/thumb/v6-m/nofp/libcr_nohost_nf.a(_cr_assert.o)
                0x000000000000185c                __assertion_failed
 .text._deferredlazyseek
                0x00000000000018a8       0x40 /Applications/MCUXpressoIDE_11.5.0_7232/ide/plugins/com.nxp.mcuxpresso.tools.macosx_11.5.0.202107051138/tools/bin/../lib/gcc/arm-none-eabi/10.3.1/../../../../arm-none-eabi/lib/thumb/v6-m/nofp/libcr_c.a(_deferredlazyseek.o)
                0x00000000000018a8                _deferredlazyseek
 .text.__flsbuf
                0x00000000000018e8      0x150 /Applications/MCUXpressoIDE_11.5.0_7232/ide/plugins/com.nxp.mcuxpresso.tools.macosx_11.5.0.202107051138/tools/bin/../lib/gcc/arm-none-eabi/10.3.1/../../../../arm-none-eabi/lib/thumb/v6-m/nofp/libcr_c.a(_deferredlazyseek.o)
                0x00000000000018e8                __flsbuf
 .text._fflush  0x0000000000001a38       0x60 /Applications/MCUXpressoIDE_11.5.0_7232/ide/plugins/com.nxp.mcuxpresso.tools.macosx_11.5.0.202107051138/tools/bin/../lib/gcc/arm-none-eabi/10.3.1/../../../../arm-none-eabi/lib/thumb/v6-m/nofp/libcr_c.a(_fflush.o)
                0x0000000000001a38                _fflush
 .text._Cwritebuf
                0x0000000000001a98       0x68 /Applications/MCUXpressoIDE_11.5.0_7232/ide/plugins/com.nxp.mcuxpresso.tools.macosx_11.5.0.202107051138/tools/bin/../lib/gcc/arm-none-eabi/10.3.1/../../../../arm-none-eabi/lib/thumb/v6-m/nofp/libcr_c.a(_writebuf.o)
                0x0000000000001a98                _Cwritebuf
 .text.malloc   0x0000000000001b00       0xcc /Applications/MCUXpressoIDE_11.5.0_7232/ide/plugins/com.nxp.mcuxpresso.tools.macosx_11.5.0.202107051138/tools/bin/../lib/gcc/arm-none-eabi/10.3.1/../../../../arm-none-eabi/lib/thumb/v6-m/nofp/libcr_c.a(alloc.o)
                0x0000000000001b00                malloc
 .text._Csys_alloc
                0x0000000000001bcc       0x20 /Applications/MCUXpressoIDE_11.5.0_7232/ide/plugins/com.nxp.mcuxpresso.tools.macosx_11.5.0.202107051138/tools/bin/../lib/gcc/arm-none-eabi/10.3.1/../../../../arm-none-eabi/lib/thumb/v6-m/nofp/libcr_c.a(alloc.o)
                0x0000000000001bcc                _Csys_alloc
 .text.fseek    0x0000000000001bec       0xf0 /Applications/MCUXpressoIDE_11.5.0_7232/ide/plugins/com.nxp.mcuxpresso.tools.macosx_11.5.0.202107051138/tools/bin/../lib/gcc/arm-none-eabi/10.3.1/../../../../arm-none-eabi/lib/thumb/v6-m/nofp/libcr_c.a(fseek.o)
                0x0000000000001bec                fseek
 .text.ftell    0x0000000000001cdc       0x48 /Applications/MCUXpressoIDE_11.5.0_7232/ide/plugins/com.nxp.mcuxpresso.tools.macosx_11.5.0.202107051138/tools/bin/../lib/gcc/arm-none-eabi/10.3.1/../../../../arm-none-eabi/lib/thumb/v6-m/nofp/libcr_c.a(ftell.o)
                0x0000000000001cdc                ftell
 .text._initio  0x0000000000001d24       0x7c /Applications/MCUXpressoIDE_11.5.0_7232/ide/plugins/com.nxp.mcuxpresso.tools.macosx_11.5.0.202107051138/tools/bin/../lib/gcc/arm-none-eabi/10.3.1/../../../../arm-none-eabi/lib/thumb/v6-m/nofp/libcr_c.a(initio.o)
                0x0000000000001d24                _initio
 .text.__vfprintf
                0x0000000000001da0      0xd40 /Applications/MCUXpressoIDE_11.5.0_7232/ide/plugins/com.nxp.mcuxpresso.tools.macosx_11.5.0.202107051138/tools/bin/../lib/gcc/arm-none-eabi/10.3.1/../../../../arm-none-eabi/lib/thumb/v6-m/nofp/libcr_c.a(printf.o)
                0x0000000000001da0                __vfprintf
 .text._sprintf
                0x0000000000002ae0       0x6c /Applications/MCUXpressoIDE_11.5.0_7232/ide/plugins/com.nxp.mcuxpresso.tools.macosx_11.5.0.202107051138/tools/bin/../lib/gcc/arm-none-eabi/10.3.1/../../../../arm-none-eabi/lib/thumb/v6-m/nofp/libcr_c.a(printf.o)
                0x0000000000002ae0                _sprintf
 .text.setvbuf  0x0000000000002b4c       0x4c /Applications/MCUXpressoIDE_11.5.0_7232/ide/plugins/com.nxp.mcuxpresso.tools.macosx_11.5.0.202107051138/tools/bin/../lib/gcc/arm-none-eabi/10.3.1/../../../../arm-none-eabi/lib/thumb/v6-m/nofp/libcr_c.a(setvbuf.o)
                0x0000000000002b4c                setvbuf
 .text.strlen   0x0000000000002b98       0x58 /Applications/MCUXpressoIDE_11.5.0_7232/ide/plugins/com.nxp.mcuxpresso.tools.macosx_11.5.0.202107051138/tools/bin/../lib/gcc/arm-none-eabi/10.3.1/../../../../arm-none-eabi/lib/thumb/v6-m/nofp/libcr_c.a(strlen.o)
                0x0000000000002b98                strlen
 .text._sbrk    0x0000000000002bf0       0x44 /Applications/MCUXpressoIDE_11.5.0_7232/ide/plugins/com.nxp.mcuxpresso.tools.macosx_11.5.0.202107051138/tools/bin/../lib/gcc/arm-none-eabi/10.3.1/../../../../arm-none-eabi/lib/thumb/v6-m/nofp/libcr_c.a(_cr_sbrk.o)
                0x0000000000002bf0                _sbrk
 .text._fdopen  0x0000000000002c34       0x74 /Applications/MCUXpressoIDE_11.5.0_7232/ide/plugins/com.nxp.mcuxpresso.tools.macosx_11.5.0.202107051138/tools/bin/../lib/gcc/arm-none-eabi/10.3.1/../../../../arm-none-eabi/lib/thumb/v6-m/nofp/libcr_c.a(_fdopen.o)
                0x0000000000002c34                _fdopen
 .text.fclose   0x0000000000002ca8       0x5c /Applications/MCUXpressoIDE_11.5.0_7232/ide/plugins/com.nxp.mcuxpresso.tools.macosx_11.5.0.202107051138/tools/bin/../lib/gcc/arm-none-eabi/10.3.1/../../../../arm-none-eabi/lib/thumb/v6-m/nofp/libcr_c.a(fclose.o)
                0x0000000000002ca8                fclose
 .text.fflush   0x0000000000002d04       0x44 /Applications/MCUXpressoIDE_11.5.0_7232/ide/plugins/com.nxp.mcuxpresso.tools.macosx_11.5.0.202107051138/tools/bin/../lib/gcc/arm-none-eabi/10.3.1/../../../../arm-none-eabi/lib/thumb/v6-m/nofp/libcr_c.a(fflush.o)
                0x0000000000002d04                fflush
 .text.__check_heap_overflow
                0x0000000000002d48       0x18 /Applications/MCUXpressoIDE_11.5.0_7232/ide/plugins/com.nxp.mcuxpresso.tools.macosx_11.5.0.202107051138/tools/bin/../lib/gcc/arm-none-eabi/10.3.1/../../../../arm-none-eabi/lib/thumb/v6-m/nofp/libcr_c.a(_cr_check_heap.o)
                0x0000000000002d48                __check_heap_overflow
 .text._do_fflush
                0x0000000000002d60       0x48 /Applications/MCUXpressoIDE_11.5.0_7232/ide/plugins/com.nxp.mcuxpresso.tools.macosx_11.5.0.202107051138/tools/bin/../lib/gcc/arm-none-eabi/10.3.1/../../../../arm-none-eabi/lib/thumb/v6-m/nofp/libcr_c.a(_do_fflush.o)
                0x0000000000002d60                _do_fflush
 .text.UART_EnableTx
                0x0000000000002da8       0x40 ./utilities/fsl_io.o
 .text.UART_EnableRx
                0x0000000000002de8       0x40 ./utilities/fsl_io.o
 .text.LPSCI_EnableTx
                0x0000000000002e28       0x40 ./utilities/fsl_io.o
 .text.LPSCI_EnableRx
                0x0000000000002e68       0x40 ./utilities/fsl_io.o
 .text.LOG_Init
                0x0000000000002ea8       0x3a ./utilities/fsl_log.o
                0x0000000000002ea8                LOG_Init
 .text.init_uart
                0x0000000000002ee2       0x16 ./source/uart_example.o
                0x0000000000002ee2                init_uart
 .text.uart_puts
                0x0000000000002ef8       0x38 ./source/uart_example.o
                0x0000000000002ef8                uart_puts
 .text.CLOCK_GetPll0RefFreq
                0x0000000000002f30       0x10 ./drivers/fsl_clock.o
 .text.CLOCK_BootToFeiMode
                0x0000000000002f40       0x2e ./drivers/fsl_clock.o
                0x0000000000002f40                CLOCK_BootToFeiMode
 .text.BOARD_InitBootClocks
                0x0000000000002f6e        0xe ./board/clock_config.o
                0x0000000000002f6e                BOARD_InitBootClocks
 .text.BOARD_InitBootPins
                0x0000000000002f7c       0x12 ./board/pin_mux.o
                0x0000000000002f7c                BOARD_InitBootPins
 .text.BOARD_InitPins
                0x0000000000002f8e        0xa ./board/pin_mux.o
                0x0000000000002f8e                BOARD_InitPins
 .text.SystemInitHook
                0x0000000000002f98        0xa ./CMSIS/system_MKL46Z4.o
                0x0000000000002f98                SystemInitHook
 .text.__main   0x0000000000002fa2        0xc /Applications/MCUXpressoIDE_11.5.0_7232/ide/plugins/com.nxp.mcuxpresso.tools.macosx_11.5.0.202107051138/tools/bin/../lib/gcc/arm-none-eabi/10.3.1/../../../../arm-none-eabi/lib/thumb/v6-m/nofp/libcr_nohost_nf.a(_cr__main.o)
                0x0000000000002fa2                __main
 .text.__sys_appexit
                0x0000000000002fae        0x2 /Applications/MCUXpressoIDE_11.5.0_7232/ide/plugins/com.nxp.mcuxpresso.tools.macosx_11.5.0.202107051138/tools/bin/../lib/gcc/arm-none-eabi/10.3.1/../../../../arm-none-eabi/lib/thumb/v6-m/nofp/libcr_nohost_nf.a(__sys_appexit.o)
                0x0000000000002fae                __exit
                0x0000000000002fae                __sys_appexit
 .text.memset   0x0000000000002fb0        0x8 /Applications/MCUXpressoIDE_11.5.0_7232/ide/plugins/com.nxp.mcuxpresso.tools.macosx_11.5.0.202107051138/tools/bin/../lib/gcc/arm-none-eabi/10.3.1/../../../../arm-none-eabi/lib/thumb/v6-m/nofp/libcr_c.a(memset.o)
                0x0000000000002fb0                memset
 .text.free     0x0000000000002fb8       0x2c /Applications/MCUXpressoIDE_11.5.0_7232/ide/plugins/com.nxp.mcuxpresso.tools.macosx_11.5.0.202107051138/tools/bin/../lib/gcc/arm-none-eabi/10.3.1/../../../../arm-none-eabi/lib/thumb/v6-m/nofp/libcr_c.a(alloc.o)
                0x0000000000002fb8                free
 .text.fputs    0x0000000000002fe4       0x2e /Applications/MCUXpressoIDE_11.5.0_7232/ide/plugins/com.nxp.mcuxpresso.tools.macosx_11.5.0.202107051138/tools/bin/../lib/gcc/arm-none-eabi/10.3.1/../../../../arm-none-eabi/lib/thumb/v6-m/nofp/libcr_c.a(fputs.o)
                0x0000000000002fe4                fputs
 .text.no_fp_display
                0x0000000000003012        0x4 /Applications/MCUXpressoIDE_11.5.0_7232/ide/plugins/com.nxp.mcuxpresso.tools.macosx_11.5.0.202107051138/tools/bin/../lib/gcc/arm-none-eabi/10.3.1/../../../../arm-none-eabi/lib/thumb/v6-m/nofp/libcr_c.a(printf.o)
 .text.remove   0x0000000000003016       0x12 /Applications/MCUXpressoIDE_11.5.0_7232/ide/plugins/com.nxp.mcuxpresso.tools.macosx_11.5.0.202107051138/tools/bin/../lib/gcc/arm-none-eabi/10.3.1/../../../../arm-none-eabi/lib/thumb/v6-m/nofp/libcr_c.a(remove.o)
                0x0000000000003016                remove
 .text.__aeabi_division_idivmod
                0x0000000000003028       0x78 /Applications/MCUXpressoIDE_11.5.0_7232/ide/plugins/com.nxp.mcuxpresso.tools.macosx_11.5.0.202107051138/tools/bin/../lib/gcc/arm-none-eabi/10.3.1/thumb/v6-m/nofp/libcr_eabihelpers.a(division_32.o)
                0x0000000000003028                __aeabi_idiv
                0x0000000000003028                __aeabi_idivmod
                0x000000000000302e                __aeabi_uidiv
                0x000000000000302e                __aeabi_uidivmod
 .text.__aeabi_division_idiv0
                0x00000000000030a0        0x2 /Applications/MCUXpressoIDE_11.5.0_7232/ide/plugins/com.nxp.mcuxpresso.tools.macosx_11.5.0.202107051138/tools/bin/../lib/gcc/arm-none-eabi/10.3.1/thumb/v6-m/nofp/libcr_eabihelpers.a(division_idiv0.o)
                0x00000000000030a0                __aeabi_idiv0
 .text.__aeabi_llong_lmul
                0x00000000000030a2       0x2e /Applications/MCUXpressoIDE_11.5.0_7232/ide/plugins/com.nxp.mcuxpresso.tools.macosx_11.5.0.202107051138/tools/bin/../lib/gcc/arm-none-eabi/10.3.1/thumb/v6-m/nofp/libcr_eabihelpers.a(llong.o)
                0x00000000000030a2                __aeabi_lmul
 .text.__aeabi_memset_lowlevel
                0x00000000000030d0       0x2a /Applications/MCUXpressoIDE_11.5.0_7232/ide/plugins/com.nxp.mcuxpresso.tools.macosx_11.5.0.202107051138/tools/bin/../lib/gcc/arm-none-eabi/10.3.1/thumb/v6-m/nofp/libcr_eabihelpers.a(memcpy.o)
                0x00000000000030d0                __aeabi_lowlevel_memset
 .text.__gnu_thumb1_case_shi
                0x00000000000030fa       0x10 /Applications/MCUXpressoIDE_11.5.0_7232/ide/plugins/com.nxp.mcuxpresso.tools.macosx_11.5.0.202107051138/tools/bin/../lib/gcc/arm-none-eabi/10.3.1/thumb/v6-m/nofp/libcr_eabihelpers.a(thumb1_switch_helpers.o)
                0x00000000000030fa                __gnu_thumb1_case_shi
 .text.__sys_close
                0x000000000000310a        0x6 /Applications/MCUXpressoIDE_11.5.0_7232/ide/plugins/com.nxp.mcuxpresso.tools.macosx_11.5.0.202107051138/tools/bin/../lib/gcc/arm-none-eabi/10.3.1/../../../../arm-none-eabi/lib/thumb/v6-m/nofp/libcr_nohost_nf.a(__sys_close.o)
                0x000000000000310a                __sys_close
 .text.__sys_flen
                0x0000000000003110        0x6 /Applications/MCUXpressoIDE_11.5.0_7232/ide/plugins/com.nxp.mcuxpresso.tools.macosx_11.5.0.202107051138/tools/bin/../lib/gcc/arm-none-eabi/10.3.1/../../../../arm-none-eabi/lib/thumb/v6-m/nofp/libcr_nohost_nf.a(__sys_flen.o)
                0x0000000000003110                __sys_flen
 .text.__sys_istty
                0x0000000000003116        0x6 /Applications/MCUXpressoIDE_11.5.0_7232/ide/plugins/com.nxp.mcuxpresso.tools.macosx_11.5.0.202107051138/tools/bin/../lib/gcc/arm-none-eabi/10.3.1/../../../../arm-none-eabi/lib/thumb/v6-m/nofp/libcr_nohost_nf.a(__sys_istty.o)
                0x0000000000003116                __sys_istty
 .text.__sys_remove
                0x000000000000311c        0x6 /Applications/MCUXpressoIDE_11.5.0_7232/ide/plugins/com.nxp.mcuxpresso.tools.macosx_11.5.0.202107051138/tools/bin/../lib/gcc/arm-none-eabi/10.3.1/../../../../arm-none-eabi/lib/thumb/v6-m/nofp/libcr_nohost_nf.a(__sys_remove.o)
                0x000000000000311c                __sys_remove
 .text.__sys_seek
                0x0000000000003122        0x6 /Applications/MCUXpressoIDE_11.5.0_7232/ide/plugins/com.nxp.mcuxpresso.tools.macosx_11.5.0.202107051138/tools/bin/../lib/gcc/arm-none-eabi/10.3.1/../../../../arm-none-eabi/lib/thumb/v6-m/nofp/libcr_nohost_nf.a(__sys_seek.o)
                0x0000000000003122                __sys_seek
 .text.__sys_tmpnam
                0x0000000000003128        0x6 /Applications/MCUXpressoIDE_11.5.0_7232/ide/plugins/com.nxp.mcuxpresso.tools.macosx_11.5.0.202107051138/tools/bin/../lib/gcc/arm-none-eabi/10.3.1/../../../../arm-none-eabi/lib/thumb/v6-m/nofp/libcr_nohost_nf.a(__sys_tmpnam.o)
                0x0000000000003128                __sys_tmpnam
 .text.__sys_write
                0x000000000000312e        0x4 /Applications/MCUXpressoIDE_11.5.0_7232/ide/plugins/com.nxp.mcuxpresso.tools.macosx_11.5.0.202107051138/tools/bin/../lib/gcc/arm-none-eabi/10.3.1/../../../../arm-none-eabi/lib/thumb/v6-m/nofp/libcr_nohost_nf.a(__sys_write.o)
                0x000000000000312e                __sys_write
 *(SORT_BY_ALIGNMENT(.rodata) SORT_BY_ALIGNMENT(.rodata.*) SORT_BY_ALIGNMENT(.constdata) SORT_BY_ALIGNMENT(.constdata.*))
 *fill*         0x0000000000003132        0x2 ff
 .rodata.DbgConsole_Init.str1.4
                0x0000000000003134       0x43 ./utilities/fsl_debug_console.o
 *fill*         0x0000000000003177        0x1 ff
 .rodata.IO_Init.str1.4
                0x0000000000003178       0x1a ./utilities/fsl_io.o
 *fill*         0x0000000000003192        0x2 ff
 .rodata.stringOutput.str1.4
                0x0000000000003194       0x3a ./source/uart_example.o
 *fill*         0x00000000000031ce        0x2 ff
 .rodata.main.str1.4
                0x00000000000031d0       0x16 ./source/uart_example.o
 *fill*         0x00000000000031e6        0x2 ff
 .rodata.CLOCK_GetMcgExtClkFreq.str1.4
                0x00000000000031e8       0x1e ./drivers/fsl_clock.o
 *fill*         0x0000000000003206        0x2 ff
 .rodata.CLOCK_GetPll0Freq.str1.4
                0x0000000000003208       0x1d ./drivers/fsl_clock.o
 *fill*         0x0000000000003225        0x3 ff
 .rodata.fllFactorTable.1
                0x0000000000003228       0x10 ./drivers/fsl_clock.o
 .rodata.LPSCI_GetInstance.str1.4
                0x0000000000003238       0x36 ./drivers/fsl_lpsci.o
 *fill*         0x000000000000326e        0x2 ff
 .rodata.LPSCI_Init.str1.4
                0x0000000000003270       0x43 ./drivers/fsl_lpsci.o
 *fill*         0x00000000000032b3        0x1 ff
 .rodata.LPSCI_GetDefaultConfig.str1.4
                0x00000000000032b4       0x19 ./drivers/fsl_lpsci.o
 *fill*         0x00000000000032cd        0x3 ff
 .rodata.s_uartBases
                0x00000000000032d0        0xc ./drivers/fsl_uart.o
 .rodata.s_uartClock
                0x00000000000032dc        0xc ./drivers/fsl_uart.o
 .rodata.UART_GetInstance.str1.4
                0x00000000000032e8       0x2b ./drivers/fsl_uart.o
 *fill*         0x0000000000003313        0x1 ff
 .rodata.UART_Init.str1.4
                0x0000000000003314       0x3e ./drivers/fsl_uart.o
 *fill*         0x0000000000003352        0x2 ff
 .rodata.UART_GetDefaultConfig.str1.4
                0x0000000000003354       0x18 ./drivers/fsl_uart.o
 .rodata.simConfig_BOARD_BootClockRUN
                0x000000000000336c        0x8 ./board/clock_config.o
                0x000000000000336c                simConfig_BOARD_BootClockRUN
 .rodata.PORT_SetPinConfig.str1.4
                0x0000000000003374       0x54 ./board/pin_mux.o
 .rodata.__num_Ciob_streams
                0x00000000000033c8        0x4 /Applications/MCUXpressoIDE_11.5.0_7232/ide/plugins/com.nxp.mcuxpresso.tools.macosx_11.5.0.202107051138/tools/bin/../lib/gcc/arm-none-eabi/10.3.1/../../../../arm-none-eabi/lib/thumb/v6-m/nofp/libcr_nohost_nf.a(__ciob.o)
                0x00000000000033c8                __num_Ciob_streams
 .rodata.__assertion_failed.str1.1
                0x00000000000033cc       0x15 /Applications/MCUXpressoIDE_11.5.0_7232/ide/plugins/com.nxp.mcuxpresso.tools.macosx_11.5.0.202107051138/tools/bin/../lib/gcc/arm-none-eabi/10.3.1/../../../../arm-none-eabi/lib/thumb/v6-m/nofp/libcr_nohost_nf.a(_cr_assert.o)
 .rodata._Csys_alloc.str1.1
                0x00000000000033e1       0x18 /Applications/MCUXpressoIDE_11.5.0_7232/ide/plugins/com.nxp.mcuxpresso.tools.macosx_11.5.0.202107051138/tools/bin/../lib/gcc/arm-none-eabi/10.3.1/../../../../arm-none-eabi/lib/thumb/v6-m/nofp/libcr_c.a(alloc.o)
 .rodata._initio.str1.1
                0x00000000000033f9        0x4 /Applications/MCUXpressoIDE_11.5.0_7232/ide/plugins/com.nxp.mcuxpresso.tools.macosx_11.5.0.202107051138/tools/bin/../lib/gcc/arm-none-eabi/10.3.1/../../../../arm-none-eabi/lib/thumb/v6-m/nofp/libcr_c.a(initio.o)
 .rodata.__vfprintf.str1.1
                0x00000000000033fd       0x35 /Applications/MCUXpressoIDE_11.5.0_7232/ide/plugins/com.nxp.mcuxpresso.tools.macosx_11.5.0.202107051138/tools/bin/../lib/gcc/arm-none-eabi/10.3.1/../../../../arm-none-eabi/lib/thumb/v6-m/nofp/libcr_c.a(printf.o)
                                         0x38 (size before relaxing)
                0x0000000000003434                . = ALIGN (0x4)
 *fill*         0x0000000000003432        0x2 ff

.glue_7         0x0000000000003434        0x0
 .glue_7        0x0000000000003434        0x0 linker stubs

.glue_7t        0x0000000000003434        0x0
 .glue_7t       0x0000000000003434        0x0 linker stubs

.vfp11_veneer   0x0000000000003434        0x0
 .vfp11_veneer  0x0000000000003434        0x0 linker stubs

.v4_bx          0x0000000000003434        0x0
 .v4_bx         0x0000000000003434        0x0 linker stubs

.iplt           0x0000000000003434        0x0
 .iplt          0x0000000000003434        0x0 ./utilities/fsl_debug_console.o

.rel.dyn        0x0000000000003434        0x0
 .rel.iplt      0x0000000000003434        0x0 ./utilities/fsl_debug_console.o

.ARM.extab
 *(SORT_BY_ALIGNMENT(.ARM.extab*) SORT_BY_ALIGNMENT(.gnu.linkonce.armextab.*))

.ARM.exidx      0x0000000000003434        0x0
                0x0000000000003434                __exidx_start = .
 *(SORT_BY_ALIGNMENT(.ARM.exidx*) SORT_BY_ALIGNMENT(.gnu.linkonce.armexidx.*))
                0x0000000000003434                __exidx_end = .
                0x0000000000003434                _etext = .

.m_usb_data
 *(SORT_BY_ALIGNMENT(m_usb_bdt))

.mtb_buffer_default
 *(SORT_BY_ALIGNMENT(.mtb*))

.uninit_RESERVED
                0x000000001fffe000        0x0
                0x000000001fffe000                _start_uninit_RESERVED = .
 *(SORT_BY_ALIGNMENT(.bss.$RESERVED*))
                0x000000001fffe000                . = ALIGN (0x4)
                0x000000001fffe000                _end_uninit_RESERVED = .

.data           0x000000001fffe000       0x18 load address 0x0000000000003434
 FILL mask 0xff
                0x000000001fffe000                _data = .
                [!provide]                        PROVIDE (__start_data_RAM = .)
                [!provide]                        PROVIDE (__start_data_SRAM = .)
 *(SORT_BY_ALIGNMENT(vtable))
 *(SORT_BY_ALIGNMENT(.ramfunc*))
 *(SORT_BY_ALIGNMENT(CodeQuickAccess))
 *(SORT_BY_ALIGNMENT(DataQuickAccess))
 *(SORT_BY_ALIGNMENT(RamFunction))
 *(SORT_BY_ALIGNMENT(.data*))
 .data.global_SIM
                0x000000001fffe000        0x4 ./source/uart_example.o
                0x000000001fffe000                global_SIM
 .data.global_PORTE
                0x000000001fffe004        0x4 ./source/uart_example.o
                0x000000001fffe004                global_PORTE
 .data.global_PTE
                0x000000001fffe008        0x4 ./source/uart_example.o
                0x000000001fffe008                global_PTE
 .data.drawEnabled
                0x000000001fffe00c        0x4 ./source/uart_example.o
                0x000000001fffe00c                drawEnabled
 .data.s_slowIrcFreq
                0x000000001fffe010        0x4 ./drivers/fsl_clock.o
 .data.SystemCoreClock
                0x000000001fffe014        0x4 ./CMSIS/system_MKL46Z4.o
                0x000000001fffe014                SystemCoreClock
                0x000000001fffe018                . = ALIGN (0x4)
                0x000000001fffe018                _edata = .
                [!provide]                        PROVIDE (__end_data_RAM = .)
                [!provide]                        PROVIDE (__end_data_SRAM = .)

.igot.plt       0x000000001fffe018        0x0 load address 0x000000000000344c
 .igot.plt      0x000000001fffe018        0x0 ./utilities/fsl_debug_console.o

.bss            0x000000001fffe018      0x100
                0x000000001fffe018                _bss = .
                [!provide]                        PROVIDE (__start_bss_RAM = .)
                [!provide]                        PROVIDE (__start_bss_SRAM = .)
 *(SORT_BY_ALIGNMENT(.bss*))
 .bss.s_debugConsoleIO
                0x000000001fffe018        0x8 ./utilities/fsl_io.o
 .bss.drawCheck
                0x000000001fffe020        0x4 ./source/uart_example.o
                0x000000001fffe020                drawCheck
 .bss.colorPaint
                0x000000001fffe024        0x4 ./source/uart_example.o
                0x000000001fffe024                colorPaint
 .bss.clearButton
                0x000000001fffe028        0x4 ./source/uart_example.o
                0x000000001fffe028                clearButton
 .bss.g_xtal0Freq
                0x000000001fffe02c        0x4 ./drivers/fsl_clock.o
                0x000000001fffe02c                g_xtal0Freq
 .bss.s_i2cHandle
                0x000000001fffe030        0x8 ./drivers/fsl_i2c.o
 .bss.s_i2cMasterIsr
                0x000000001fffe038        0x4 ./drivers/fsl_i2c.o
 .bss.s_i2cSlaveIsr
                0x000000001fffe03c        0x4 ./drivers/fsl_i2c.o
 .bss.s_lpsciHandle
                0x000000001fffe040        0x4 ./drivers/fsl_lpsci.o
 .bss.s_lpsciIsr
                0x000000001fffe044        0x4 ./drivers/fsl_lpsci.o
 .bss.s_uartHandle
                0x000000001fffe048        0xc ./drivers/fsl_uart.o
 .bss.s_uartIsr
                0x000000001fffe054        0x4 ./drivers/fsl_uart.o
 .bss.__Ciob    0x000000001fffe058       0xb4 /Applications/MCUXpressoIDE_11.5.0_7232/ide/plugins/com.nxp.mcuxpresso.tools.macosx_11.5.0.202107051138/tools/bin/../lib/gcc/arm-none-eabi/10.3.1/../../../../arm-none-eabi/lib/thumb/v6-m/nofp/libcr_nohost_nf.a(__ciob.o)
                0x000000001fffe058                __Ciob
 .bss.__end_of_heap
                0x000000001fffe10c        0x4 /Applications/MCUXpressoIDE_11.5.0_7232/ide/plugins/com.nxp.mcuxpresso.tools.macosx_11.5.0.202107051138/tools/bin/../lib/gcc/arm-none-eabi/10.3.1/../../../../arm-none-eabi/lib/thumb/v6-m/nofp/libcr_c.a(__init_alloc.o)
                0x000000001fffe10c                __end_of_heap
 .bss.__heaps   0x000000001fffe110        0x4 /Applications/MCUXpressoIDE_11.5.0_7232/ide/plugins/com.nxp.mcuxpresso.tools.macosx_11.5.0.202107051138/tools/bin/../lib/gcc/arm-none-eabi/10.3.1/../../../../arm-none-eabi/lib/thumb/v6-m/nofp/libcr_c.a(__init_alloc.o)
                0x000000001fffe110                __heaps
 .bss.errno     0x000000001fffe114        0x4 /Applications/MCUXpressoIDE_11.5.0_7232/ide/plugins/com.nxp.mcuxpresso.tools.macosx_11.5.0.202107051138/tools/bin/../lib/gcc/arm-none-eabi/10.3.1/../../../../arm-none-eabi/lib/thumb/v6-m/nofp/libcr_c.a(errno.o)
                0x000000001fffe114                errno
 *(SORT_BY_ALIGNMENT(COMMON))
                0x000000001fffe118                . = ALIGN (0x4)
                0x000000001fffe118                _ebss = .
                [!provide]                        PROVIDE (__end_bss_RAM = .)
                [!provide]                        PROVIDE (__end_bss_SRAM = .)
                [!provide]                        PROVIDE (end = .)

.noinit         0x000000001fffe118        0x0
                0x000000001fffe118                _noinit = .
                [!provide]                        PROVIDE (__start_noinit_RAM = .)
                [!provide]                        PROVIDE (__start_noinit_SRAM = .)
 *(SORT_BY_ALIGNMENT(.noinit*))
                0x000000001fffe118                . = ALIGN (0x4)
                0x000000001fffe118                _end_noinit = .
                [!provide]                        PROVIDE (__end_noinit_RAM = .)
                [!provide]                        PROVIDE (__end_noinit_SRAM = .)
                0x0000000000000800                _HeapSize = 0x800

.heap           0x000000001fffe118      0x800
                0x000000001fffe118                _pvHeapStart = .
                0x000000001fffe918                . = (. + _HeapSize)
 *fill*         0x000000001fffe118      0x800 
                0x000000001fffe918                . = ALIGN (0x4)
                0x000000001fffe918                _pvHeapLimit = .
                0x0000000000000800                _StackSize = 0x800

.heap2stackfill
                0x000000001fffe918      0x800
                0x000000001ffff118                . = (. + _StackSize)
 *fill*         0x000000001fffe918      0x800 

.stack          0x0000000020005800        0x0
                0x0000000020005800                _vStackBase = .
                0x0000000020005800                . = ALIGN (0x4)
                0x0000000020006000                _vStackTop = (. + _StackSize)
                0x0000000000000000                _image_start = LOADADDR (.text)
                0x000000000000344c                _image_end = (LOADADDR (.data) + SIZEOF (.data))
                0x000000000000344c                _image_size = (_image_end - _image_start)
OUTPUT(finalProjTests.axf elf32-littlearm)
LOAD linker stubs

.debug_info     0x0000000000000000     0x9a46
 .debug_info    0x0000000000000000      0x32f ./utilities/fsl_debug_console.o
 .debug_info    0x000000000000032f      0x8c6 ./utilities/fsl_io.o
 .debug_info    0x0000000000000bf5      0x2f5 ./utilities/fsl_log.o
 .debug_info    0x0000000000000eea      0x4eb ./startup/startup_mkl46z4.o
 .debug_info    0x00000000000013d5      0x482 ./source/adc.o
 .debug_info    0x0000000000001857      0x836 ./source/uart_example.o
 .debug_info    0x000000000000208d     0x1a8b ./drivers/fsl_clock.o
 .debug_info    0x0000000000003b18     0x1aba ./drivers/fsl_i2c.o
 .debug_info    0x00000000000055d2     0x14ac ./drivers/fsl_lpsci.o
 .debug_info    0x0000000000006a7e     0x144d ./drivers/fsl_uart.o
 .debug_info    0x0000000000007ecb      0x394 ./board/board.o
 .debug_info    0x000000000000825f      0x971 ./board/clock_config.o
 .debug_info    0x0000000000008bd0      0xa68 ./board/pin_mux.o
 .debug_info    0x0000000000009638      0x40e ./CMSIS/system_MKL46Z4.o

.debug_abbrev   0x0000000000000000     0x1ccd
 .debug_abbrev  0x0000000000000000      0x158 ./utilities/fsl_debug_console.o
 .debug_abbrev  0x0000000000000158      0x1d4 ./utilities/fsl_io.o
 .debug_abbrev  0x000000000000032c      0x15c ./utilities/fsl_log.o
 .debug_abbrev  0x0000000000000488      0x198 ./startup/startup_mkl46z4.o
 .debug_abbrev  0x0000000000000620       0xfb ./source/adc.o
 .debug_abbrev  0x000000000000071b      0x20c ./source/uart_example.o
 .debug_abbrev  0x0000000000000927      0x34b ./drivers/fsl_clock.o
 .debug_abbrev  0x0000000000000c72      0x376 ./drivers/fsl_i2c.o
 .debug_abbrev  0x0000000000000fe8      0x2f3 ./drivers/fsl_lpsci.o
 .debug_abbrev  0x00000000000012db      0x2f3 ./drivers/fsl_uart.o
 .debug_abbrev  0x00000000000015ce      0x11b ./board/board.o
 .debug_abbrev  0x00000000000016e9      0x201 ./board/clock_config.o
 .debug_abbrev  0x00000000000018ea      0x29b ./board/pin_mux.o
 .debug_abbrev  0x0000000000001b85      0x148 ./CMSIS/system_MKL46Z4.o

.debug_aranges  0x0000000000000000      0x9c8
 .debug_aranges
                0x0000000000000000       0x58 ./utilities/fsl_debug_console.o
 .debug_aranges
                0x0000000000000058       0x58 ./utilities/fsl_io.o
 .debug_aranges
                0x00000000000000b0       0x58 ./utilities/fsl_log.o
 .debug_aranges
                0x0000000000000108      0x160 ./startup/startup_mkl46z4.o
 .debug_aranges
                0x0000000000000268       0x30 ./source/adc.o
 .debug_aranges
                0x0000000000000298       0x68 ./source/uart_example.o
 .debug_aranges
                0x0000000000000300      0x1d8 ./drivers/fsl_clock.o
 .debug_aranges
                0x00000000000004d8      0x178 ./drivers/fsl_i2c.o
 .debug_aranges
                0x0000000000000650      0x118 ./drivers/fsl_lpsci.o
 .debug_aranges
                0x0000000000000768      0x130 ./drivers/fsl_uart.o
 .debug_aranges
                0x0000000000000898       0x28 ./board/board.o
 .debug_aranges
                0x00000000000008c0       0x50 ./board/clock_config.o
 .debug_aranges
                0x0000000000000910       0x88 ./board/pin_mux.o
 .debug_aranges
                0x0000000000000998       0x30 ./CMSIS/system_MKL46Z4.o

.debug_ranges   0x0000000000000000      0x8e8
 .debug_ranges  0x0000000000000000       0x48 ./utilities/fsl_debug_console.o
 .debug_ranges  0x0000000000000048       0x48 ./utilities/fsl_io.o
 .debug_ranges  0x0000000000000090       0x48 ./utilities/fsl_log.o
 .debug_ranges  0x00000000000000d8      0x150 ./startup/startup_mkl46z4.o
 .debug_ranges  0x0000000000000228       0x20 ./source/adc.o
 .debug_ranges  0x0000000000000248       0x58 ./source/uart_example.o
 .debug_ranges  0x00000000000002a0      0x1c8 ./drivers/fsl_clock.o
 .debug_ranges  0x0000000000000468      0x168 ./drivers/fsl_i2c.o
 .debug_ranges  0x00000000000005d0      0x108 ./drivers/fsl_lpsci.o
 .debug_ranges  0x00000000000006d8      0x120 ./drivers/fsl_uart.o
 .debug_ranges  0x00000000000007f8       0x18 ./board/board.o
 .debug_ranges  0x0000000000000810       0x40 ./board/clock_config.o
 .debug_ranges  0x0000000000000850       0x78 ./board/pin_mux.o
 .debug_ranges  0x00000000000008c8       0x20 ./CMSIS/system_MKL46Z4.o

.debug_macro    0x0000000000000000     0xc8b0
 .debug_macro   0x0000000000000000      0x126 ./utilities/fsl_debug_console.o
 .debug_macro   0x0000000000000126      0xa84 ./utilities/fsl_debug_console.o
 .debug_macro   0x0000000000000baa       0x10 ./utilities/fsl_debug_console.o
 .debug_macro   0x0000000000000bba       0x16 ./utilities/fsl_debug_console.o
 .debug_macro   0x0000000000000bd0       0x10 ./utilities/fsl_debug_console.o
 .debug_macro   0x0000000000000be0      0x12e ./utilities/fsl_debug_console.o
 .debug_macro   0x0000000000000d0e       0x28 ./utilities/fsl_debug_console.o
 .debug_macro   0x0000000000000d36       0x16 ./utilities/fsl_debug_console.o
 .debug_macro   0x0000000000000d4c       0x22 ./utilities/fsl_debug_console.o
 .debug_macro   0x0000000000000d6e      0x5b3 ./utilities/fsl_debug_console.o
 .debug_macro   0x0000000000001321       0x10 ./utilities/fsl_debug_console.o
 .debug_macro   0x0000000000001331       0x3f ./utilities/fsl_debug_console.o
 .debug_macro   0x0000000000001370       0x1c ./utilities/fsl_debug_console.o
 .debug_macro   0x000000000000138c       0x22 ./utilities/fsl_debug_console.o
 .debug_macro   0x00000000000013ae       0xaf ./utilities/fsl_debug_console.o
 .debug_macro   0x000000000000145d      0x37c ./utilities/fsl_debug_console.o
 .debug_macro   0x00000000000017d9       0x38 ./utilities/fsl_debug_console.o
 .debug_macro   0x0000000000001811     0x87f8 ./utilities/fsl_debug_console.o
 .debug_macro   0x000000000000a009     0x121a ./utilities/fsl_debug_console.o
 .debug_macro   0x000000000000b223       0x52 ./utilities/fsl_debug_console.o
 .debug_macro   0x000000000000b275      0x10a ./utilities/fsl_debug_console.o
 .debug_macro   0x000000000000b37f       0x74 ./utilities/fsl_debug_console.o
 .debug_macro   0x000000000000b3f3       0x1c ./utilities/fsl_debug_console.o
 .debug_macro   0x000000000000b40f       0x50 ./utilities/fsl_debug_console.o
 .debug_macro   0x000000000000b45f      0x123 ./utilities/fsl_io.o
 .debug_macro   0x000000000000b582       0x1c ./utilities/fsl_io.o
 .debug_macro   0x000000000000b59e       0x22 ./utilities/fsl_io.o
 .debug_macro   0x000000000000b5c0       0x10 ./utilities/fsl_io.o
 .debug_macro   0x000000000000b5d0       0x10 ./utilities/fsl_io.o
 .debug_macro   0x000000000000b5e0      0x147 ./utilities/fsl_log.o
 .debug_macro   0x000000000000b727       0x29 ./startup/startup_mkl46z4.o
 .debug_macro   0x000000000000b750       0x98 ./source/adc.o
 .debug_macro   0x000000000000b7e8       0xd8 ./source/adc.o
 .debug_macro   0x000000000000b8c0      0x150 ./source/uart_example.o
 .debug_macro   0x000000000000ba10      0x1d2 ./source/uart_example.o
 .debug_macro   0x000000000000bbe2       0x10 ./source/uart_example.o
 .debug_macro   0x000000000000bbf2       0xd2 ./source/uart_example.o
 .debug_macro   0x000000000000bcc4       0x10 ./source/uart_example.o
 .debug_macro   0x000000000000bcd4      0x136 ./source/uart_example.o
 .debug_macro   0x000000000000be0a       0x22 ./source/uart_example.o
 .debug_macro   0x000000000000be2c      0x1b8 ./drivers/fsl_clock.o
 .debug_macro   0x000000000000bfe4      0x107 ./drivers/fsl_i2c.o
 .debug_macro   0x000000000000c0eb       0x16 ./drivers/fsl_i2c.o
 .debug_macro   0x000000000000c101      0x108 ./drivers/fsl_lpsci.o
 .debug_macro   0x000000000000c209      0x10e ./drivers/fsl_uart.o
 .debug_macro   0x000000000000c317      0x12b ./board/board.o
 .debug_macro   0x000000000000c442       0x16 ./board/board.o
 .debug_macro   0x000000000000c458       0x16 ./board/board.o
 .debug_macro   0x000000000000c46e      0x15b ./board/board.o
 .debug_macro   0x000000000000c5c9      0x13f ./board/clock_config.o
 .debug_macro   0x000000000000c708      0x111 ./board/pin_mux.o
 .debug_macro   0x000000000000c819       0x97 ./CMSIS/system_MKL46Z4.o

.debug_line     0x0000000000000000     0x6c1b
 .debug_line    0x0000000000000000      0x480 ./utilities/fsl_debug_console.o
 .debug_line    0x0000000000000480      0x525 ./utilities/fsl_io.o
 .debug_line    0x00000000000009a5      0x488 ./utilities/fsl_log.o
 .debug_line    0x0000000000000e2d      0x1ed ./startup/startup_mkl46z4.o
 .debug_line    0x000000000000101a      0x312 ./source/adc.o
 .debug_line    0x000000000000132c      0x636 ./source/uart_example.o
 .debug_line    0x0000000000001962     0x12fd ./drivers/fsl_clock.o
 .debug_line    0x0000000000002c5f     0x13aa ./drivers/fsl_i2c.o
 .debug_line    0x0000000000004009      0xdbf ./drivers/fsl_lpsci.o
 .debug_line    0x0000000000004dc8      0xdca ./drivers/fsl_uart.o
 .debug_line    0x0000000000005b92      0x3a6 ./board/board.o
 .debug_line    0x0000000000005f38      0x3d7 ./board/clock_config.o
 .debug_line    0x000000000000630f      0x5ad ./board/pin_mux.o
 .debug_line    0x00000000000068bc      0x35f ./CMSIS/system_MKL46Z4.o

.debug_str      0x0000000000000000    0x50b8f
 .debug_str     0x0000000000000000    0x4a55b ./utilities/fsl_debug_console.o
                                      0x4a7a1 (size before relaxing)
 .debug_str     0x000000000004a55b      0xb9f ./utilities/fsl_io.o
                                      0x4b149 (size before relaxing)
 .debug_str     0x000000000004b0fa      0x1d8 ./utilities/fsl_log.o
                                      0x4a7b0 (size before relaxing)
 .debug_str     0x000000000004b2d2      0x3d0 ./startup/startup_mkl46z4.o
                                       0x30b8 (size before relaxing)
 .debug_str     0x000000000004b6a2      0x40d ./source/adc.o
                                      0x43032 (size before relaxing)
 .debug_str     0x000000000004baaf     0x10a5 ./source/uart_example.o
                                      0x4bd4a (size before relaxing)
 .debug_str     0x000000000004cb54     0x1823 ./drivers/fsl_clock.o
                                      0x4c296 (size before relaxing)
 .debug_str     0x000000000004e377      0xe89 ./drivers/fsl_i2c.o
                                      0x4ba3c (size before relaxing)
 .debug_str     0x000000000004f200      0x84e ./drivers/fsl_lpsci.o
                                      0x4b8bf (size before relaxing)
 .debug_str     0x000000000004fa4e      0x777 ./drivers/fsl_uart.o
                                      0x4b8dc (size before relaxing)
 .debug_str     0x00000000000501c5       0xb3 ./board/board.o
                                      0x4ae4d (size before relaxing)
 .debug_str     0x0000000000050278      0x387 ./board/clock_config.o
                                      0x4b060 (size before relaxing)
 .debug_str     0x00000000000505ff      0x532 ./board/pin_mux.o
                                      0x4b259 (size before relaxing)
 .debug_str     0x0000000000050b31       0x5e ./CMSIS/system_MKL46Z4.o
                                      0x49714 (size before relaxing)

.comment        0x0000000000000000       0x49
 .comment       0x0000000000000000       0x49 ./utilities/fsl_debug_console.o
                                         0x4a (size before relaxing)
 .comment       0x0000000000000049       0x4a ./utilities/fsl_io.o
 .comment       0x0000000000000049       0x4a ./utilities/fsl_log.o
 .comment       0x0000000000000049       0x4a ./startup/startup_mkl46z4.o
 .comment       0x0000000000000049       0x4a ./source/adc.o
 .comment       0x0000000000000049       0x4a ./source/uart_example.o
 .comment       0x0000000000000049       0x4a ./drivers/fsl_clock.o
 .comment       0x0000000000000049       0x4a ./drivers/fsl_i2c.o
 .comment       0x0000000000000049       0x4a ./drivers/fsl_lpsci.o
 .comment       0x0000000000000049       0x4a ./drivers/fsl_uart.o
 .comment       0x0000000000000049       0x4a ./board/board.o
 .comment       0x0000000000000049       0x4a ./board/clock_config.o
 .comment       0x0000000000000049       0x4a ./board/pin_mux.o
 .comment       0x0000000000000049       0x4a ./CMSIS/system_MKL46Z4.o
 .comment       0x0000000000000049       0x4a /Applications/MCUXpressoIDE_11.5.0_7232/ide/plugins/com.nxp.mcuxpresso.tools.macosx_11.5.0.202107051138/tools/bin/../lib/gcc/arm-none-eabi/10.3.1/../../../../arm-none-eabi/lib/thumb/v6-m/nofp/libcr_nohost_nf.a(_cr__main.o)
 .comment       0x0000000000000049       0x4a /Applications/MCUXpressoIDE_11.5.0_7232/ide/plugins/com.nxp.mcuxpresso.tools.macosx_11.5.0.202107051138/tools/bin/../lib/gcc/arm-none-eabi/10.3.1/../../../../arm-none-eabi/lib/thumb/v6-m/nofp/libcr_nohost_nf.a(_cr_assert.o)
 .comment       0x0000000000000049       0x4a /Applications/MCUXpressoIDE_11.5.0_7232/ide/plugins/com.nxp.mcuxpresso.tools.macosx_11.5.0.202107051138/tools/bin/../lib/gcc/arm-none-eabi/10.3.1/../../../../arm-none-eabi/lib/thumb/v6-m/nofp/libcr_nohost_nf.a(__ciob.o)
 .comment       0x0000000000000049       0x4a /Applications/MCUXpressoIDE_11.5.0_7232/ide/plugins/com.nxp.mcuxpresso.tools.macosx_11.5.0.202107051138/tools/bin/../lib/gcc/arm-none-eabi/10.3.1/../../../../arm-none-eabi/lib/thumb/v6-m/nofp/libcr_nohost_nf.a(__sys_appexit.o)
 .comment       0x0000000000000049       0x4a /Applications/MCUXpressoIDE_11.5.0_7232/ide/plugins/com.nxp.mcuxpresso.tools.macosx_11.5.0.202107051138/tools/bin/../lib/gcc/arm-none-eabi/10.3.1/../../../../arm-none-eabi/lib/thumb/v6-m/nofp/libcr_c.a(memset.o)
 .comment       0x0000000000000049       0x4a /Applications/MCUXpressoIDE_11.5.0_7232/ide/plugins/com.nxp.mcuxpresso.tools.macosx_11.5.0.202107051138/tools/bin/../lib/gcc/arm-none-eabi/10.3.1/../../../../arm-none-eabi/lib/thumb/v6-m/nofp/libcr_c.a(_deferredlazyseek.o)
 .comment       0x0000000000000049       0x4a /Applications/MCUXpressoIDE_11.5.0_7232/ide/plugins/com.nxp.mcuxpresso.tools.macosx_11.5.0.202107051138/tools/bin/../lib/gcc/arm-none-eabi/10.3.1/../../../../arm-none-eabi/lib/thumb/v6-m/nofp/libcr_c.a(_fflush.o)
 .comment       0x0000000000000049       0x4a /Applications/MCUXpressoIDE_11.5.0_7232/ide/plugins/com.nxp.mcuxpresso.tools.macosx_11.5.0.202107051138/tools/bin/../lib/gcc/arm-none-eabi/10.3.1/../../../../arm-none-eabi/lib/thumb/v6-m/nofp/libcr_c.a(_writebuf.o)
 .comment       0x0000000000000049       0x4a /Applications/MCUXpressoIDE_11.5.0_7232/ide/plugins/com.nxp.mcuxpresso.tools.macosx_11.5.0.202107051138/tools/bin/../lib/gcc/arm-none-eabi/10.3.1/../../../../arm-none-eabi/lib/thumb/v6-m/nofp/libcr_c.a(alloc.o)
 .comment       0x0000000000000049       0x4a /Applications/MCUXpressoIDE_11.5.0_7232/ide/plugins/com.nxp.mcuxpresso.tools.macosx_11.5.0.202107051138/tools/bin/../lib/gcc/arm-none-eabi/10.3.1/../../../../arm-none-eabi/lib/thumb/v6-m/nofp/libcr_c.a(fputs.o)
 .comment       0x0000000000000049       0x4a /Applications/MCUXpressoIDE_11.5.0_7232/ide/plugins/com.nxp.mcuxpresso.tools.macosx_11.5.0.202107051138/tools/bin/../lib/gcc/arm-none-eabi/10.3.1/../../../../arm-none-eabi/lib/thumb/v6-m/nofp/libcr_c.a(fseek.o)
 .comment       0x0000000000000049       0x4a /Applications/MCUXpressoIDE_11.5.0_7232/ide/plugins/com.nxp.mcuxpresso.tools.macosx_11.5.0.202107051138/tools/bin/../lib/gcc/arm-none-eabi/10.3.1/../../../../arm-none-eabi/lib/thumb/v6-m/nofp/libcr_c.a(ftell.o)
 .comment       0x0000000000000049       0x4a /Applications/MCUXpressoIDE_11.5.0_7232/ide/plugins/com.nxp.mcuxpresso.tools.macosx_11.5.0.202107051138/tools/bin/../lib/gcc/arm-none-eabi/10.3.1/../../../../arm-none-eabi/lib/thumb/v6-m/nofp/libcr_c.a(initio.o)
 .comment       0x0000000000000049       0x4a /Applications/MCUXpressoIDE_11.5.0_7232/ide/plugins/com.nxp.mcuxpresso.tools.macosx_11.5.0.202107051138/tools/bin/../lib/gcc/arm-none-eabi/10.3.1/../../../../arm-none-eabi/lib/thumb/v6-m/nofp/libcr_c.a(printf.o)
 .comment       0x0000000000000049       0x4a /Applications/MCUXpressoIDE_11.5.0_7232/ide/plugins/com.nxp.mcuxpresso.tools.macosx_11.5.0.202107051138/tools/bin/../lib/gcc/arm-none-eabi/10.3.1/../../../../arm-none-eabi/lib/thumb/v6-m/nofp/libcr_c.a(setvbuf.o)
 .comment       0x0000000000000049       0x4a /Applications/MCUXpressoIDE_11.5.0_7232/ide/plugins/com.nxp.mcuxpresso.tools.macosx_11.5.0.202107051138/tools/bin/../lib/gcc/arm-none-eabi/10.3.1/../../../../arm-none-eabi/lib/thumb/v6-m/nofp/libcr_c.a(strlen.o)
 .comment       0x0000000000000049       0x4a /Applications/MCUXpressoIDE_11.5.0_7232/ide/plugins/com.nxp.mcuxpresso.tools.macosx_11.5.0.202107051138/tools/bin/../lib/gcc/arm-none-eabi/10.3.1/../../../../arm-none-eabi/lib/thumb/v6-m/nofp/libcr_c.a(__init_alloc.o)
 .comment       0x0000000000000049       0x4a /Applications/MCUXpressoIDE_11.5.0_7232/ide/plugins/com.nxp.mcuxpresso.tools.macosx_11.5.0.202107051138/tools/bin/../lib/gcc/arm-none-eabi/10.3.1/../../../../arm-none-eabi/lib/thumb/v6-m/nofp/libcr_c.a(_cr_sbrk.o)
 .comment       0x0000000000000049       0x4a /Applications/MCUXpressoIDE_11.5.0_7232/ide/plugins/com.nxp.mcuxpresso.tools.macosx_11.5.0.202107051138/tools/bin/../lib/gcc/arm-none-eabi/10.3.1/../../../../arm-none-eabi/lib/thumb/v6-m/nofp/libcr_c.a(_fdopen.o)
 .comment       0x0000000000000049       0x4a /Applications/MCUXpressoIDE_11.5.0_7232/ide/plugins/com.nxp.mcuxpresso.tools.macosx_11.5.0.202107051138/tools/bin/../lib/gcc/arm-none-eabi/10.3.1/../../../../arm-none-eabi/lib/thumb/v6-m/nofp/libcr_c.a(errno.o)
 .comment       0x0000000000000049       0x4a /Applications/MCUXpressoIDE_11.5.0_7232/ide/plugins/com.nxp.mcuxpresso.tools.macosx_11.5.0.202107051138/tools/bin/../lib/gcc/arm-none-eabi/10.3.1/../../../../arm-none-eabi/lib/thumb/v6-m/nofp/libcr_c.a(fclose.o)
 .comment       0x0000000000000049       0x4a /Applications/MCUXpressoIDE_11.5.0_7232/ide/plugins/com.nxp.mcuxpresso.tools.macosx_11.5.0.202107051138/tools/bin/../lib/gcc/arm-none-eabi/10.3.1/../../../../arm-none-eabi/lib/thumb/v6-m/nofp/libcr_c.a(fflush.o)
 .comment       0x0000000000000049       0x4a /Applications/MCUXpressoIDE_11.5.0_7232/ide/plugins/com.nxp.mcuxpresso.tools.macosx_11.5.0.202107051138/tools/bin/../lib/gcc/arm-none-eabi/10.3.1/../../../../arm-none-eabi/lib/thumb/v6-m/nofp/libcr_c.a(remove.o)
 .comment       0x0000000000000049       0x4a /Applications/MCUXpressoIDE_11.5.0_7232/ide/plugins/com.nxp.mcuxpresso.tools.macosx_11.5.0.202107051138/tools/bin/../lib/gcc/arm-none-eabi/10.3.1/../../../../arm-none-eabi/lib/thumb/v6-m/nofp/libcr_c.a(_cr_check_heap.o)
 .comment       0x0000000000000049       0x4a /Applications/MCUXpressoIDE_11.5.0_7232/ide/plugins/com.nxp.mcuxpresso.tools.macosx_11.5.0.202107051138/tools/bin/../lib/gcc/arm-none-eabi/10.3.1/../../../../arm-none-eabi/lib/thumb/v6-m/nofp/libcr_c.a(_do_fflush.o)
 .comment       0x0000000000000049       0x4a /Applications/MCUXpressoIDE_11.5.0_7232/ide/plugins/com.nxp.mcuxpresso.tools.macosx_11.5.0.202107051138/tools/bin/../lib/gcc/arm-none-eabi/10.3.1/../../../../arm-none-eabi/lib/thumb/v6-m/nofp/libcr_nohost_nf.a(__sys_close.o)
 .comment       0x0000000000000049       0x4a /Applications/MCUXpressoIDE_11.5.0_7232/ide/plugins/com.nxp.mcuxpresso.tools.macosx_11.5.0.202107051138/tools/bin/../lib/gcc/arm-none-eabi/10.3.1/../../../../arm-none-eabi/lib/thumb/v6-m/nofp/libcr_nohost_nf.a(__sys_flen.o)
 .comment       0x0000000000000049       0x4a /Applications/MCUXpressoIDE_11.5.0_7232/ide/plugins/com.nxp.mcuxpresso.tools.macosx_11.5.0.202107051138/tools/bin/../lib/gcc/arm-none-eabi/10.3.1/../../../../arm-none-eabi/lib/thumb/v6-m/nofp/libcr_nohost_nf.a(__sys_istty.o)
 .comment       0x0000000000000049       0x4a /Applications/MCUXpressoIDE_11.5.0_7232/ide/plugins/com.nxp.mcuxpresso.tools.macosx_11.5.0.202107051138/tools/bin/../lib/gcc/arm-none-eabi/10.3.1/../../../../arm-none-eabi/lib/thumb/v6-m/nofp/libcr_nohost_nf.a(__sys_remove.o)
 .comment       0x0000000000000049       0x4a /Applications/MCUXpressoIDE_11.5.0_7232/ide/plugins/com.nxp.mcuxpresso.tools.macosx_11.5.0.202107051138/tools/bin/../lib/gcc/arm-none-eabi/10.3.1/../../../../arm-none-eabi/lib/thumb/v6-m/nofp/libcr_nohost_nf.a(__sys_seek.o)
 .comment       0x0000000000000049       0x4a /Applications/MCUXpressoIDE_11.5.0_7232/ide/plugins/com.nxp.mcuxpresso.tools.macosx_11.5.0.202107051138/tools/bin/../lib/gcc/arm-none-eabi/10.3.1/../../../../arm-none-eabi/lib/thumb/v6-m/nofp/libcr_nohost_nf.a(__sys_tmpnam.o)
 .comment       0x0000000000000049       0x4a /Applications/MCUXpressoIDE_11.5.0_7232/ide/plugins/com.nxp.mcuxpresso.tools.macosx_11.5.0.202107051138/tools/bin/../lib/gcc/arm-none-eabi/10.3.1/../../../../arm-none-eabi/lib/thumb/v6-m/nofp/libcr_nohost_nf.a(__sys_write.o)

.ARM.attributes
                0x0000000000000000       0x2a
 .ARM.attributes
                0x0000000000000000       0x2c ./utilities/fsl_debug_console.o
 .ARM.attributes
                0x000000000000002c       0x2c ./utilities/fsl_io.o
 .ARM.attributes
                0x0000000000000058       0x2c ./utilities/fsl_log.o
 .ARM.attributes
                0x0000000000000084       0x2c ./startup/startup_mkl46z4.o
 .ARM.attributes
                0x00000000000000b0       0x2c ./source/adc.o
 .ARM.attributes
                0x00000000000000dc       0x2c ./source/uart_example.o
 .ARM.attributes
                0x0000000000000108       0x2c ./drivers/fsl_clock.o
 .ARM.attributes
                0x0000000000000134       0x2c ./drivers/fsl_i2c.o
 .ARM.attributes
                0x0000000000000160       0x2c ./drivers/fsl_lpsci.o
 .ARM.attributes
                0x000000000000018c       0x2c ./drivers/fsl_uart.o
 .ARM.attributes
                0x00000000000001b8       0x2c ./board/board.o
 .ARM.attributes
                0x00000000000001e4       0x2c ./board/clock_config.o
 .ARM.attributes
                0x0000000000000210       0x2c ./board/pin_mux.o
 .ARM.attributes
                0x000000000000023c       0x2c ./CMSIS/system_MKL46Z4.o
 .ARM.attributes
                0x0000000000000268       0x2c /Applications/MCUXpressoIDE_11.5.0_7232/ide/plugins/com.nxp.mcuxpresso.tools.macosx_11.5.0.202107051138/tools/bin/../lib/gcc/arm-none-eabi/10.3.1/../../../../arm-none-eabi/lib/thumb/v6-m/nofp/libcr_nohost_nf.a(_cr__main.o)
 .ARM.attributes
                0x0000000000000294       0x2c /Applications/MCUXpressoIDE_11.5.0_7232/ide/plugins/com.nxp.mcuxpresso.tools.macosx_11.5.0.202107051138/tools/bin/../lib/gcc/arm-none-eabi/10.3.1/../../../../arm-none-eabi/lib/thumb/v6-m/nofp/libcr_nohost_nf.a(_cr_assert.o)
 .ARM.attributes
                0x00000000000002c0       0x31 /Applications/MCUXpressoIDE_11.5.0_7232/ide/plugins/com.nxp.mcuxpresso.tools.macosx_11.5.0.202107051138/tools/bin/../lib/gcc/arm-none-eabi/10.3.1/../../../../arm-none-eabi/lib/thumb/v6-m/nofp/libcr_nohost_nf.a(__ciob.o)
 .ARM.attributes
                0x00000000000002f1       0x2c /Applications/MCUXpressoIDE_11.5.0_7232/ide/plugins/com.nxp.mcuxpresso.tools.macosx_11.5.0.202107051138/tools/bin/../lib/gcc/arm-none-eabi/10.3.1/../../../../arm-none-eabi/lib/thumb/v6-m/nofp/libcr_nohost_nf.a(__sys_appexit.o)
 .ARM.attributes
                0x000000000000031d       0x2c /Applications/MCUXpressoIDE_11.5.0_7232/ide/plugins/com.nxp.mcuxpresso.tools.macosx_11.5.0.202107051138/tools/bin/../lib/gcc/arm-none-eabi/10.3.1/../../../../arm-none-eabi/lib/thumb/v6-m/nofp/libcr_c.a(memset.o)
 .ARM.attributes
                0x0000000000000349       0x2c /Applications/MCUXpressoIDE_11.5.0_7232/ide/plugins/com.nxp.mcuxpresso.tools.macosx_11.5.0.202107051138/tools/bin/../lib/gcc/arm-none-eabi/10.3.1/../../../../arm-none-eabi/lib/thumb/v6-m/nofp/libcr_c.a(_deferredlazyseek.o)
 .ARM.attributes
                0x0000000000000375       0x2c /Applications/MCUXpressoIDE_11.5.0_7232/ide/plugins/com.nxp.mcuxpresso.tools.macosx_11.5.0.202107051138/tools/bin/../lib/gcc/arm-none-eabi/10.3.1/../../../../arm-none-eabi/lib/thumb/v6-m/nofp/libcr_c.a(_fflush.o)
 .ARM.attributes
                0x00000000000003a1       0x2c /Applications/MCUXpressoIDE_11.5.0_7232/ide/plugins/com.nxp.mcuxpresso.tools.macosx_11.5.0.202107051138/tools/bin/../lib/gcc/arm-none-eabi/10.3.1/../../../../arm-none-eabi/lib/thumb/v6-m/nofp/libcr_c.a(_writebuf.o)
 .ARM.attributes
                0x00000000000003cd       0x2c /Applications/MCUXpressoIDE_11.5.0_7232/ide/plugins/com.nxp.mcuxpresso.tools.macosx_11.5.0.202107051138/tools/bin/../lib/gcc/arm-none-eabi/10.3.1/../../../../arm-none-eabi/lib/thumb/v6-m/nofp/libcr_c.a(alloc.o)
 .ARM.attributes
                0x00000000000003f9       0x2c /Applications/MCUXpressoIDE_11.5.0_7232/ide/plugins/com.nxp.mcuxpresso.tools.macosx_11.5.0.202107051138/tools/bin/../lib/gcc/arm-none-eabi/10.3.1/../../../../arm-none-eabi/lib/thumb/v6-m/nofp/libcr_c.a(fputs.o)
 .ARM.attributes
                0x0000000000000425       0x2c /Applications/MCUXpressoIDE_11.5.0_7232/ide/plugins/com.nxp.mcuxpresso.tools.macosx_11.5.0.202107051138/tools/bin/../lib/gcc/arm-none-eabi/10.3.1/../../../../arm-none-eabi/lib/thumb/v6-m/nofp/libcr_c.a(fseek.o)
 .ARM.attributes
                0x0000000000000451       0x2c /Applications/MCUXpressoIDE_11.5.0_7232/ide/plugins/com.nxp.mcuxpresso.tools.macosx_11.5.0.202107051138/tools/bin/../lib/gcc/arm-none-eabi/10.3.1/../../../../arm-none-eabi/lib/thumb/v6-m/nofp/libcr_c.a(ftell.o)
 .ARM.attributes
                0x000000000000047d       0x2c /Applications/MCUXpressoIDE_11.5.0_7232/ide/plugins/com.nxp.mcuxpresso.tools.macosx_11.5.0.202107051138/tools/bin/../lib/gcc/arm-none-eabi/10.3.1/../../../../arm-none-eabi/lib/thumb/v6-m/nofp/libcr_c.a(initio.o)
 .ARM.attributes
                0x00000000000004a9       0x2c /Applications/MCUXpressoIDE_11.5.0_7232/ide/plugins/com.nxp.mcuxpresso.tools.macosx_11.5.0.202107051138/tools/bin/../lib/gcc/arm-none-eabi/10.3.1/../../../../arm-none-eabi/lib/thumb/v6-m/nofp/libcr_c.a(printf.o)
 .ARM.attributes
                0x00000000000004d5       0x2c /Applications/MCUXpressoIDE_11.5.0_7232/ide/plugins/com.nxp.mcuxpresso.tools.macosx_11.5.0.202107051138/tools/bin/../lib/gcc/arm-none-eabi/10.3.1/../../../../arm-none-eabi/lib/thumb/v6-m/nofp/libcr_c.a(setvbuf.o)
 .ARM.attributes
                0x0000000000000501       0x2c /Applications/MCUXpressoIDE_11.5.0_7232/ide/plugins/com.nxp.mcuxpresso.tools.macosx_11.5.0.202107051138/tools/bin/../lib/gcc/arm-none-eabi/10.3.1/../../../../arm-none-eabi/lib/thumb/v6-m/nofp/libcr_c.a(strlen.o)
 .ARM.attributes
                0x000000000000052d       0x2c /Applications/MCUXpressoIDE_11.5.0_7232/ide/plugins/com.nxp.mcuxpresso.tools.macosx_11.5.0.202107051138/tools/bin/../lib/gcc/arm-none-eabi/10.3.1/../../../../arm-none-eabi/lib/thumb/v6-m/nofp/libcr_c.a(__init_alloc.o)
 .ARM.attributes
                0x0000000000000559       0x2c /Applications/MCUXpressoIDE_11.5.0_7232/ide/plugins/com.nxp.mcuxpresso.tools.macosx_11.5.0.202107051138/tools/bin/../lib/gcc/arm-none-eabi/10.3.1/../../../../arm-none-eabi/lib/thumb/v6-m/nofp/libcr_c.a(_cr_sbrk.o)
 .ARM.attributes
                0x0000000000000585       0x2c /Applications/MCUXpressoIDE_11.5.0_7232/ide/plugins/com.nxp.mcuxpresso.tools.macosx_11.5.0.202107051138/tools/bin/../lib/gcc/arm-none-eabi/10.3.1/../../../../arm-none-eabi/lib/thumb/v6-m/nofp/libcr_c.a(_fdopen.o)
 .ARM.attributes
                0x00000000000005b1       0x31 /Applications/MCUXpressoIDE_11.5.0_7232/ide/plugins/com.nxp.mcuxpresso.tools.macosx_11.5.0.202107051138/tools/bin/../lib/gcc/arm-none-eabi/10.3.1/../../../../arm-none-eabi/lib/thumb/v6-m/nofp/libcr_c.a(errno.o)
 .ARM.attributes
                0x00000000000005e2       0x2c /Applications/MCUXpressoIDE_11.5.0_7232/ide/plugins/com.nxp.mcuxpresso.tools.macosx_11.5.0.202107051138/tools/bin/../lib/gcc/arm-none-eabi/10.3.1/../../../../arm-none-eabi/lib/thumb/v6-m/nofp/libcr_c.a(fclose.o)
 .ARM.attributes
                0x000000000000060e       0x2c /Applications/MCUXpressoIDE_11.5.0_7232/ide/plugins/com.nxp.mcuxpresso.tools.macosx_11.5.0.202107051138/tools/bin/../lib/gcc/arm-none-eabi/10.3.1/../../../../arm-none-eabi/lib/thumb/v6-m/nofp/libcr_c.a(fflush.o)
 .ARM.attributes
                0x000000000000063a       0x2c /Applications/MCUXpressoIDE_11.5.0_7232/ide/plugins/com.nxp.mcuxpresso.tools.macosx_11.5.0.202107051138/tools/bin/../lib/gcc/arm-none-eabi/10.3.1/../../../../arm-none-eabi/lib/thumb/v6-m/nofp/libcr_c.a(remove.o)
 .ARM.attributes
                0x0000000000000666       0x2c /Applications/MCUXpressoIDE_11.5.0_7232/ide/plugins/com.nxp.mcuxpresso.tools.macosx_11.5.0.202107051138/tools/bin/../lib/gcc/arm-none-eabi/10.3.1/../../../../arm-none-eabi/lib/thumb/v6-m/nofp/libcr_c.a(_cr_check_heap.o)
 .ARM.attributes
                0x0000000000000692       0x2c /Applications/MCUXpressoIDE_11.5.0_7232/ide/plugins/com.nxp.mcuxpresso.tools.macosx_11.5.0.202107051138/tools/bin/../lib/gcc/arm-none-eabi/10.3.1/../../../../arm-none-eabi/lib/thumb/v6-m/nofp/libcr_c.a(_do_fflush.o)
 .ARM.attributes
                0x00000000000006be       0x1c /Applications/MCUXpressoIDE_11.5.0_7232/ide/plugins/com.nxp.mcuxpresso.tools.macosx_11.5.0.202107051138/tools/bin/../lib/gcc/arm-none-eabi/10.3.1/thumb/v6-m/nofp/libcr_eabihelpers.a(division_32.o)
 .ARM.attributes
                0x00000000000006da       0x1c /Applications/MCUXpressoIDE_11.5.0_7232/ide/plugins/com.nxp.mcuxpresso.tools.macosx_11.5.0.202107051138/tools/bin/../lib/gcc/arm-none-eabi/10.3.1/thumb/v6-m/nofp/libcr_eabihelpers.a(division_idiv0.o)
 .ARM.attributes
                0x00000000000006f6       0x1c /Applications/MCUXpressoIDE_11.5.0_7232/ide/plugins/com.nxp.mcuxpresso.tools.macosx_11.5.0.202107051138/tools/bin/../lib/gcc/arm-none-eabi/10.3.1/thumb/v6-m/nofp/libcr_eabihelpers.a(llong.o)
 .ARM.attributes
                0x0000000000000712       0x1c /Applications/MCUXpressoIDE_11.5.0_7232/ide/plugins/com.nxp.mcuxpresso.tools.macosx_11.5.0.202107051138/tools/bin/../lib/gcc/arm-none-eabi/10.3.1/thumb/v6-m/nofp/libcr_eabihelpers.a(memcpy.o)
 .ARM.attributes
                0x000000000000072e       0x1c /Applications/MCUXpressoIDE_11.5.0_7232/ide/plugins/com.nxp.mcuxpresso.tools.macosx_11.5.0.202107051138/tools/bin/../lib/gcc/arm-none-eabi/10.3.1/thumb/v6-m/nofp/libcr_eabihelpers.a(thumb1_switch_helpers.o)
 .ARM.attributes
                0x000000000000074a       0x2c /Applications/MCUXpressoIDE_11.5.0_7232/ide/plugins/com.nxp.mcuxpresso.tools.macosx_11.5.0.202107051138/tools/bin/../lib/gcc/arm-none-eabi/10.3.1/../../../../arm-none-eabi/lib/thumb/v6-m/nofp/libcr_nohost_nf.a(__sys_close.o)
 .ARM.attributes
                0x0000000000000776       0x2c /Applications/MCUXpressoIDE_11.5.0_7232/ide/plugins/com.nxp.mcuxpresso.tools.macosx_11.5.0.202107051138/tools/bin/../lib/gcc/arm-none-eabi/10.3.1/../../../../arm-none-eabi/lib/thumb/v6-m/nofp/libcr_nohost_nf.a(__sys_flen.o)
 .ARM.attributes
                0x00000000000007a2       0x2c /Applications/MCUXpressoIDE_11.5.0_7232/ide/plugins/com.nxp.mcuxpresso.tools.macosx_11.5.0.202107051138/tools/bin/../lib/gcc/arm-none-eabi/10.3.1/../../../../arm-none-eabi/lib/thumb/v6-m/nofp/libcr_nohost_nf.a(__sys_istty.o)
 .ARM.attributes
                0x00000000000007ce       0x2c /Applications/MCUXpressoIDE_11.5.0_7232/ide/plugins/com.nxp.mcuxpresso.tools.macosx_11.5.0.202107051138/tools/bin/../lib/gcc/arm-none-eabi/10.3.1/../../../../arm-none-eabi/lib/thumb/v6-m/nofp/libcr_nohost_nf.a(__sys_remove.o)
 .ARM.attributes
                0x00000000000007fa       0x2c /Applications/MCUXpressoIDE_11.5.0_7232/ide/plugins/com.nxp.mcuxpresso.tools.macosx_11.5.0.202107051138/tools/bin/../lib/gcc/arm-none-eabi/10.3.1/../../../../arm-none-eabi/lib/thumb/v6-m/nofp/libcr_nohost_nf.a(__sys_seek.o)
 .ARM.attributes
                0x0000000000000826       0x2c /Applications/MCUXpressoIDE_11.5.0_7232/ide/plugins/com.nxp.mcuxpresso.tools.macosx_11.5.0.202107051138/tools/bin/../lib/gcc/arm-none-eabi/10.3.1/../../../../arm-none-eabi/lib/thumb/v6-m/nofp/libcr_nohost_nf.a(__sys_tmpnam.o)
 .ARM.attributes
                0x0000000000000852       0x2c /Applications/MCUXpressoIDE_11.5.0_7232/ide/plugins/com.nxp.mcuxpresso.tools.macosx_11.5.0.202107051138/tools/bin/../lib/gcc/arm-none-eabi/10.3.1/../../../../arm-none-eabi/lib/thumb/v6-m/nofp/libcr_nohost_nf.a(__sys_write.o)

.debug_frame    0x0000000000000000     0x20b0
 .debug_frame   0x0000000000000000      0x110 ./utilities/fsl_debug_console.o
 .debug_frame   0x0000000000000110      0x108 ./utilities/fsl_io.o
 .debug_frame   0x0000000000000218      0x108 ./utilities/fsl_log.o
 .debug_frame   0x0000000000000320      0x3b0 ./startup/startup_mkl46z4.o
 .debug_frame   0x00000000000006d0       0x64 ./source/adc.o
 .debug_frame   0x0000000000000734      0x140 ./source/uart_example.o
 .debug_frame   0x0000000000000874      0x6e0 ./drivers/fsl_clock.o
 .debug_frame   0x0000000000000f54      0x58c ./drivers/fsl_i2c.o
 .debug_frame   0x00000000000014e0      0x414 ./drivers/fsl_lpsci.o
 .debug_frame   0x00000000000018f4      0x464 ./drivers/fsl_uart.o
 .debug_frame   0x0000000000001d58       0x50 ./board/board.o
 .debug_frame   0x0000000000001da8       0xe0 ./board/clock_config.o
 .debug_frame   0x0000000000001e88      0x1c0 ./board/pin_mux.o
 .debug_frame   0x0000000000002048       0x68 ./CMSIS/system_MKL46Z4.o

Cross Reference Table

Symbol                                            File
ADC0_DriverIRQHandler                             ./startup/startup_mkl46z4.o
ADC0_IRQHandler                                   ./startup/startup_mkl46z4.o
BOARD_ACCEL_I2C_config                            ./board/peripherals.o
BOARD_ACCEL_I2C_init                              ./board/peripherals.o
BOARD_BootClockRUN                                ./board/clock_config.o
BOARD_BootClockVLPR                               ./board/clock_config.o
BOARD_INT1_init                                   ./board/peripherals.o
BOARD_INT2_init                                   ./board/peripherals.o
BOARD_InitACCEL                                   ./board/pin_mux.o
BOARD_InitACCELPeripheral                         ./board/peripherals.o
BOARD_InitBootClocks                              ./board/clock_config.o
                                                  ./source/uart_example.o
BOARD_InitBootPeripherals                         ./board/peripherals.o
BOARD_InitBootPins                                ./board/pin_mux.o
                                                  ./source/uart_example.o
BOARD_InitButtons                                 ./board/pin_mux.o
BOARD_InitButtonsPeripheral                       ./board/peripherals.o
BOARD_InitDEBUG_UART                              ./board/pin_mux.o
BOARD_InitDEBUG_UARTPeripheral                    ./board/peripherals.o
BOARD_InitDebugConsole                            ./board/board.o
                                                  ./source/uart_example.o
BOARD_InitLEDs                                    ./board/pin_mux.o
BOARD_InitLEDsPeripheral                          ./board/peripherals.o
BOARD_InitMAG                                     ./board/pin_mux.o
BOARD_InitMAGPeripheral                           ./board/peripherals.o
BOARD_InitOSC                                     ./board/pin_mux.o
BOARD_InitPeripherals                             ./board/peripherals.o
BOARD_InitPins                                    ./board/pin_mux.o
BOARD_InitSegment_LCD                             ./board/pin_mux.o
BOARD_InitTouch                                   ./board/pin_mux.o
BOARD_InitUSB                                     ./board/pin_mux.o
BOARD_LED_GREEN_init                              ./board/peripherals.o
BOARD_LED_RED_init                                ./board/peripherals.o
BOARD_LPSCI_1_config                              ./board/peripherals.o
BOARD_LPSCI_1_init                                ./board/peripherals.o
BOARD_SW1_SW3_init                                ./board/peripherals.o
CLOCK_BootToBlpeMode                              ./drivers/fsl_clock.o
CLOCK_BootToBlpiMode                              ./drivers/fsl_clock.o
                                                  ./board/clock_config.o
CLOCK_BootToFeeMode                               ./drivers/fsl_clock.o
CLOCK_BootToFeiMode                               ./drivers/fsl_clock.o
                                                  ./board/clock_config.o
CLOCK_BootToPeeMode                               ./drivers/fsl_clock.o
CLOCK_CalcPllDiv                                  ./drivers/fsl_clock.o
CLOCK_ClearStatusFlags                            ./drivers/fsl_clock.o
CLOCK_DeinitOsc0                                  ./drivers/fsl_clock.o
CLOCK_EnablePll0                                  ./drivers/fsl_clock.o
CLOCK_EnableUsbfs0Clock                           ./drivers/fsl_clock.o
CLOCK_ExternalModeToFbeModeQuick                  ./drivers/fsl_clock.o
CLOCK_GetBusClkFreq                               ./drivers/fsl_clock.o
CLOCK_GetCoreSysClkFreq                           ./drivers/fsl_clock.o
CLOCK_GetEr32kClkFreq                             ./drivers/fsl_clock.o
CLOCK_GetFixedFreqClkFreq                         ./drivers/fsl_clock.o
CLOCK_GetFlashClkFreq                             ./drivers/fsl_clock.o
CLOCK_GetFllFreq                                  ./drivers/fsl_clock.o
CLOCK_GetFreq                                     ./drivers/fsl_clock.o
                                                  ./board/peripherals.o
CLOCK_GetInternalRefClkFreq                       ./drivers/fsl_clock.o
CLOCK_GetMode                                     ./drivers/fsl_clock.o
CLOCK_GetOsc0ErClkFreq                            ./drivers/fsl_clock.o
CLOCK_GetOutClkFreq                               ./drivers/fsl_clock.o
CLOCK_GetPlatClkFreq                              ./drivers/fsl_clock.o
CLOCK_GetPll0Freq                                 ./drivers/fsl_clock.o
CLOCK_GetPllFllSelClkFreq                         ./drivers/fsl_clock.o
                                                  ./board/board.o
CLOCK_GetStatusFlags                              ./drivers/fsl_clock.o
CLOCK_InitOsc0                                    ./drivers/fsl_clock.o
CLOCK_InternalModeToFbiModeQuick                  ./drivers/fsl_clock.o
CLOCK_SetBlpeMode                                 ./drivers/fsl_clock.o
CLOCK_SetBlpiMode                                 ./drivers/fsl_clock.o
CLOCK_SetExternalRefClkConfig                     ./drivers/fsl_clock.o
CLOCK_SetFbeMode                                  ./drivers/fsl_clock.o
CLOCK_SetFbiMode                                  ./drivers/fsl_clock.o
CLOCK_SetFeeMode                                  ./drivers/fsl_clock.o
CLOCK_SetFeiMode                                  ./drivers/fsl_clock.o
CLOCK_SetInternalRefClkConfig                     ./drivers/fsl_clock.o
                                                  ./board/clock_config.o
CLOCK_SetMcgConfig                                ./drivers/fsl_clock.o
CLOCK_SetOsc0MonitorMode                          ./drivers/fsl_clock.o
CLOCK_SetPbeMode                                  ./drivers/fsl_clock.o
CLOCK_SetPeeMode                                  ./drivers/fsl_clock.o
CLOCK_SetPll0MonitorMode                          ./drivers/fsl_clock.o
CLOCK_SetSimConfig                                ./drivers/fsl_clock.o
                                                  ./board/clock_config.o
CLOCK_TrimInternalRefClk                          ./drivers/fsl_clock.o
CMP0_DriverIRQHandler                             ./startup/startup_mkl46z4.o
CMP0_IRQHandler                                   ./startup/startup_mkl46z4.o
DAC0_DriverIRQHandler                             ./startup/startup_mkl46z4.o
DAC0_IRQHandler                                   ./startup/startup_mkl46z4.o
DMA0_DriverIRQHandler                             ./startup/startup_mkl46z4.o
DMA0_IRQHandler                                   ./startup/startup_mkl46z4.o
DMA1_DriverIRQHandler                             ./startup/startup_mkl46z4.o
DMA1_IRQHandler                                   ./startup/startup_mkl46z4.o
DMA2_DriverIRQHandler                             ./startup/startup_mkl46z4.o
DMA2_IRQHandler                                   ./startup/startup_mkl46z4.o
DMA3_DriverIRQHandler                             ./startup/startup_mkl46z4.o
DMA3_IRQHandler                                   ./startup/startup_mkl46z4.o
DbgConsole_Deinit                                 ./utilities/fsl_debug_console.o
DbgConsole_Flush                                  ./utilities/fsl_debug_console.o
DbgConsole_Getchar                                ./utilities/fsl_debug_console.o
DbgConsole_Init                                   ./utilities/fsl_debug_console.o
                                                  ./board/board.o
DbgConsole_Printf                                 ./utilities/fsl_debug_console.o
DbgConsole_Putchar                                ./utilities/fsl_debug_console.o
DbgConsole_Scanf                                  ./utilities/fsl_debug_console.o
FGPIO_PinInit                                     ./drivers/fsl_gpio.o
FGPIO_PortClearInterruptFlags                     ./drivers/fsl_gpio.o
FGPIO_PortGetInterruptFlags                       ./drivers/fsl_gpio.o
FLASH_Erase                                       ./drivers/fsl_ftfx_flash.o
FLASH_EraseAll                                    ./drivers/fsl_ftfx_flash.o
FLASH_GetProperty                                 ./drivers/fsl_ftfx_flash.o
FLASH_GetSecurityState                            ./drivers/fsl_ftfx_flash.o
FLASH_Init                                        ./drivers/fsl_ftfx_flash.o
FLASH_IsExecuteOnly                               ./drivers/fsl_ftfx_flash.o
FLASH_IsProtected                                 ./drivers/fsl_ftfx_flash.o
FLASH_PflashGetProtection                         ./drivers/fsl_ftfx_flash.o
FLASH_PflashSetProtection                         ./drivers/fsl_ftfx_flash.o
FLASH_Program                                     ./drivers/fsl_ftfx_flash.o
FLASH_ReadResource                                ./drivers/fsl_ftfx_flash.o
FLASH_SecurityBypass                              ./drivers/fsl_ftfx_flash.o
FLASH_VerifyErase                                 ./drivers/fsl_ftfx_flash.o
FLASH_VerifyEraseAll                              ./drivers/fsl_ftfx_flash.o
FLASH_VerifyProgram                               ./drivers/fsl_ftfx_flash.o
FTFA_DriverIRQHandler                             ./startup/startup_mkl46z4.o
FTFA_IRQHandler                                   ./startup/startup_mkl46z4.o
FTFx_API_Init                                     ./drivers/fsl_ftfx_controller.o
                                                  ./drivers/fsl_ftfx_flash.o
FTFx_CACHE_ClearCachePrefetchSpeculation          ./drivers/fsl_ftfx_cache.o
FTFx_CACHE_Init                                   ./drivers/fsl_ftfx_cache.o
FTFx_CACHE_PflashGetPrefetchSpeculation           ./drivers/fsl_ftfx_cache.o
FTFx_CACHE_PflashSetPrefetchSpeculation           ./drivers/fsl_ftfx_cache.o
                                                  ./drivers/fsl_smc.o
FTFx_CMD_Erase                                    ./drivers/fsl_ftfx_controller.o
                                                  ./drivers/fsl_ftfx_flash.o
FTFx_CMD_EraseAll                                 ./drivers/fsl_ftfx_controller.o
                                                  ./drivers/fsl_ftfx_flash.o
FTFx_CMD_EraseAllExecuteOnlySegments              ./drivers/fsl_ftfx_controller.o
FTFx_CMD_Program                                  ./drivers/fsl_ftfx_controller.o
                                                  ./drivers/fsl_ftfx_flash.o
FTFx_CMD_ProgramOnce                              ./drivers/fsl_ftfx_controller.o
FTFx_CMD_ReadOnce                                 ./drivers/fsl_ftfx_controller.o
FTFx_CMD_ReadResource                             ./drivers/fsl_ftfx_controller.o
                                                  ./drivers/fsl_ftfx_flash.o
FTFx_CMD_SecurityBypass                           ./drivers/fsl_ftfx_controller.o
                                                  ./drivers/fsl_ftfx_flash.o
FTFx_CMD_VerifyErase                              ./drivers/fsl_ftfx_controller.o
                                                  ./drivers/fsl_ftfx_flash.o
FTFx_CMD_VerifyEraseAll                           ./drivers/fsl_ftfx_controller.o
                                                  ./drivers/fsl_ftfx_flash.o
FTFx_CMD_VerifyEraseAllExecuteOnlySegments        ./drivers/fsl_ftfx_controller.o
FTFx_CMD_VerifyProgram                            ./drivers/fsl_ftfx_controller.o
                                                  ./drivers/fsl_ftfx_flash.o
FTFx_REG_GetSecurityState                         ./drivers/fsl_ftfx_controller.o
                                                  ./drivers/fsl_ftfx_flash.o
Flash_Config                                      ./startup/startup_mkl46z4.o
GPIO_PinInit                                      ./drivers/fsl_gpio.o
                                                  ./board/pin_mux.o
GPIO_PortClearInterruptFlags                      ./drivers/fsl_gpio.o
GPIO_PortGetInterruptFlags                        ./drivers/fsl_gpio.o
HardFault_Handler                                 ./startup/startup_mkl46z4.o
I2C0_DriverIRQHandler                             ./drivers/fsl_i2c.o
                                                  ./startup/startup_mkl46z4.o
I2C0_IRQHandler                                   ./startup/startup_mkl46z4.o
I2C1_DriverIRQHandler                             ./drivers/fsl_i2c.o
                                                  ./startup/startup_mkl46z4.o
I2C1_IRQHandler                                   ./startup/startup_mkl46z4.o
I2C_DisableInterrupts                             ./drivers/fsl_i2c.o
I2C_EnableInterrupts                              ./drivers/fsl_i2c.o
I2C_GetInstance                                   ./drivers/fsl_i2c.o
I2C_MasterDeinit                                  ./drivers/fsl_i2c.o
I2C_MasterGetDefaultConfig                        ./drivers/fsl_i2c.o
I2C_MasterGetStatusFlags                          ./drivers/fsl_i2c.o
I2C_MasterInit                                    ./drivers/fsl_i2c.o
                                                  ./board/peripherals.o
I2C_MasterReadBlocking                            ./drivers/fsl_i2c.o
I2C_MasterRepeatedStart                           ./drivers/fsl_i2c.o
I2C_MasterSetBaudRate                             ./drivers/fsl_i2c.o
I2C_MasterStart                                   ./drivers/fsl_i2c.o
I2C_MasterStop                                    ./drivers/fsl_i2c.o
I2C_MasterTransferAbort                           ./drivers/fsl_i2c.o
I2C_MasterTransferBlocking                        ./drivers/fsl_i2c.o
I2C_MasterTransferCreateHandle                    ./drivers/fsl_i2c.o
I2C_MasterTransferGetCount                        ./drivers/fsl_i2c.o
I2C_MasterTransferHandleIRQ                       ./drivers/fsl_i2c.o
I2C_MasterTransferNonBlocking                     ./drivers/fsl_i2c.o
I2C_MasterWriteBlocking                           ./drivers/fsl_i2c.o
I2C_SlaveDeinit                                   ./drivers/fsl_i2c.o
I2C_SlaveGetDefaultConfig                         ./drivers/fsl_i2c.o
I2C_SlaveInit                                     ./drivers/fsl_i2c.o
I2C_SlaveReadBlocking                             ./drivers/fsl_i2c.o
I2C_SlaveTransferAbort                            ./drivers/fsl_i2c.o
I2C_SlaveTransferCreateHandle                     ./drivers/fsl_i2c.o
I2C_SlaveTransferGetCount                         ./drivers/fsl_i2c.o
I2C_SlaveTransferHandleIRQ                        ./drivers/fsl_i2c.o
I2C_SlaveTransferNonBlocking                      ./drivers/fsl_i2c.o
I2C_SlaveWriteBlocking                            ./drivers/fsl_i2c.o
I2S0_DriverIRQHandler                             ./startup/startup_mkl46z4.o
I2S0_IRQHandler                                   ./startup/startup_mkl46z4.o
INT2_init                                         ./board/peripherals.o
IO_Deinit                                         ./utilities/fsl_io.o
                                                  ./utilities/fsl_log.o
IO_Init                                           ./utilities/fsl_io.o
                                                  ./utilities/fsl_log.o
IO_Transfer                                       ./utilities/fsl_io.o
                                                  ./utilities/fsl_log.o
IO_WaitIdle                                       ./utilities/fsl_io.o
                                                  ./utilities/fsl_log.o
IntDefaultHandler                                 ./startup/startup_mkl46z4.o
LCD_DriverIRQHandler                              ./startup/startup_mkl46z4.o
LCD_IRQHandler                                    ./startup/startup_mkl46z4.o
LLWU_DriverIRQHandler                             ./startup/startup_mkl46z4.o
LLWU_IRQHandler                                   ./startup/startup_mkl46z4.o
LOG_Deinit                                        ./utilities/fsl_log.o
                                                  ./utilities/fsl_debug_console.o
LOG_Init                                          ./utilities/fsl_log.o
                                                  ./utilities/fsl_debug_console.o
LOG_Pop                                           ./utilities/fsl_log.o
LOG_Push                                          ./utilities/fsl_log.o
                                                  ./utilities/fsl_debug_console.o
LOG_ReadCharacter                                 ./utilities/fsl_log.o
                                                  ./utilities/fsl_debug_console.o
LOG_ReadLine                                      ./utilities/fsl_log.o
                                                  ./utilities/fsl_debug_console.o
LOG_WaitIdle                                      ./utilities/fsl_log.o
                                                  ./utilities/fsl_debug_console.o
LPSCI_ClearStatusFlags                            ./drivers/fsl_lpsci.o
LPSCI_Deinit                                      ./drivers/fsl_lpsci.o
                                                  ./utilities/fsl_io.o
LPSCI_DisableInterrupts                           ./drivers/fsl_lpsci.o
LPSCI_EnableInterrupts                            ./drivers/fsl_lpsci.o
LPSCI_GetDefaultConfig                            ./drivers/fsl_lpsci.o
                                                  ./utilities/fsl_io.o
LPSCI_GetEnabledInterrupts                        ./drivers/fsl_lpsci.o
LPSCI_GetInstance                                 ./drivers/fsl_lpsci.o
LPSCI_GetStatusFlags                              ./drivers/fsl_lpsci.o
                                                  ./utilities/fsl_io.o
LPSCI_Init                                        ./drivers/fsl_lpsci.o
                                                  ./board/peripherals.o
                                                  ./utilities/fsl_io.o
LPSCI_ReadBlocking                                ./drivers/fsl_lpsci.o
                                                  ./utilities/fsl_io.o
LPSCI_SetBaudRate                                 ./drivers/fsl_lpsci.o
LPSCI_TransferAbortReceive                        ./drivers/fsl_lpsci.o
LPSCI_TransferAbortSend                           ./drivers/fsl_lpsci.o
LPSCI_TransferCreateHandle                        ./drivers/fsl_lpsci.o
LPSCI_TransferGetReceiveCount                     ./drivers/fsl_lpsci.o
LPSCI_TransferGetRxRingBufferLength               ./drivers/fsl_lpsci.o
LPSCI_TransferGetSendCount                        ./drivers/fsl_lpsci.o